Microchip MPLAB XC8 Compiler V2.32

Linker command line:

-W-3 --edf=C:\Program Files\Microchip\xc8\v2.32\pic\dat\en_msgs.txt -cn \
  -h+dist/default/production\UART_TX_Datos.X.production.sym \
  --cmf=dist/default/production\UART_TX_Datos.X.production.cmf -z -Q18F4550 \
  -oC:\Users\DELL\AppData\Local\Temp\xcAs4io.4 --defsym=__MPLAB_BUILD=1 \
  -Mdist/default/production/UART_TX_Datos.X.production.map -E1 \
  -ver=XC8 Compiler --acfsm=1493 -ASTACK=0B2h-07FFh -pstack=STACK \
  -ACODE=00h-07FFFh -ACONST=00h-07FFFh -ASMALLCONST=0800h-08FFhx120 \
  -AMEDIUMCONST=0800h-07FFFh -ACOMRAM=01h-05Fh -AABS1=00h-07FFh \
  -ABIGRAM=01h-07FFh -ARAM=060h-0FFh,0100h-01FFhx7 -ABANK0=060h-0FFh \
  -ABANK1=0100h-01FFh -ABANK2=0200h-02FFh -ABANK3=0300h-03FFh \
  -ABANK4=0400h-04FFh -ABANK5=0500h-05FFh -ABANK6=0600h-06FFh \
  -ABANK7=0700h-07FFh -ASFR=0F60h-0FFFh -ACONFIG=0300000h-030000Dh \
  -AIDLOC=0200000h-0200007h -AEEDATA=0F00000h-0F000FFh -peeprom_data=EEDATA \
  -preset_vec=00h,intcode,intcodelo,powerup,init -pramtop=0800h \
  -psmallconst=SMALLCONST -pmediumconst=MEDIUMCONST -pconst=CONST \
  -AFARRAM=00h-00h \
  -prdata=COMRAM,nvrram=COMRAM,nvbit=COMRAM,rbss=COMRAM,rbit=COMRAM \
  -pfarbss=FARRAM,fardata=FARRAM,nvFARRAM=FARRAM \
  -pintsave_regs=BIGRAM,bigbss=BIGRAM,bigdata=BIGRAM -pbss=RAM \
  -pidata=CODE,irdata=CODE,ibigdata=CODE,ifardata=CODE -prparam=COMRAM \
  C:\Users\DELL\AppData\Local\Temp\xcAs4io.o \
  dist/default/production\UART_TX_Datos.X.production.o 

Object code version is 3.11

Machine type is 18F4550



                Name                               Link     Load   Length Selector   Space Scale
C:\Users\DELL\AppData\Local\Temp\xcAs4io.o
                idloc                            200000   200000        8        0       5
                config                           300000   300000        E        0       4
                init                                  0        0        4        0       0
dist/default/production\UART_TX_Datos.X.production.o
                idloc                            200000   200000        8        0       5
                config                           300000   300000        E        0       4
                smallconst                          800      800       1E      400       0
                text17                             126E     126E       10      40F       0
                text16                             114E     114E       46      40F       0
                text15                              F02      F02       A4      40F       0
                text14                             102C     102C       6E      40F       0
                text13                             1258     1258       16      40F       0
                text12                             120E     120E       30      40F       0
                text11                              BB2      BB2       F0      40F       0
                text10                              CA2      CA2       D0      40F       0
                text9                              127E     127E        2      40F       0
                text8                               D72      D72       CA      40F       0
                text7                              1194     1194       44      40F       0
                text6                              11D8     11D8       36      40F       0
                text5                               E3C      E3C       C6      40F       0
                text4                               81E      81E      202      40F       0
                text3                               A20      A20      192      40F       0
                text2                              109A     109A       62      40F       0
                text1                              10FC     10FC       52      40F       0
                text0                               FA6      FA6       86      40F       0
                cstackCOMRAM                          1        1       5F        1       1
                cstackBANK0                          A6       A6        C       60       1
                bssBANK0                             60       60       46       60       1
                cinit                              123E     123E       1A      40F       0

TOTAL           Name                               Link     Load   Length     Space
        CLASS   STACK          

        CLASS   CODE           
                init                                  0        0        4         0
                text17                             126E     126E       10         0
                text16                             114E     114E       46         0
                text15                              F02      F02       A4         0
                text14                             102C     102C       6E         0
                text13                             1258     1258       16         0
                text12                             120E     120E       30         0
                text11                              BB2      BB2       F0         0
                text10                              CA2      CA2       D0         0
                text9                              127E     127E        2         0
                text8                               D72      D72       CA         0
                text7                              1194     1194       44         0
                text6                              11D8     11D8       36         0
                text5                               E3C      E3C       C6         0
                text4                               81E      81E      202         0
                text3                               A20      A20      192         0
                text2                              109A     109A       62         0
                text1                              10FC     10FC       52         0
                text0                               FA6      FA6       86         0
                cinit                              123E     123E       1A         0

        CLASS   CONST          

        CLASS   SMALLCONST     
                smallconst                          800      800       1E         0

        CLASS   MEDIUMCONST    

        CLASS   COMRAM         
                cstackCOMRAM                          1        1       5F         1

        CLASS   ABS1           

        CLASS   BIGRAM         

        CLASS   RAM            

        CLASS   BANK0          
                cstackBANK0                          A6       A6        C         1
                bssBANK0                             60       60       46         1

        CLASS   BANK1          

        CLASS   BANK2          

        CLASS   BANK3          

        CLASS   BANK4          

        CLASS   BANK5          

        CLASS   BANK6          

        CLASS   BANK7          

        CLASS   SFR            

        CLASS   CONFIG         
                config                           300000   300000        E         4

        CLASS   IDLOC          
                idloc                            200000   200000        8         5

        CLASS   EEDATA         

        CLASS   FARRAM         



SEGMENTS        Name                           Load    Length   Top    Selector   Space  Class

                reset_vec                      000000  000004  000004         0       0  CODE    
                cstackCOMRAM                   000001  00005F  000060         1       1  COMRAM  
                bssBANK0                       000060  000052  0000B2        60       1  BANK0   
                smallconst                     000800  00001E  00081E       400       0  SMALLCON
                text4                          00081E  000A62  001280       40F       0  CODE    


UNUSED ADDRESS RANGES

        Name                Unused          Largest block    Delta
        BANK0            0000B2-0000FF               4E
        BANK1            000100-0001FF              100
        BANK2            000200-0002FF              100
        BANK3            000300-0003FF              100
        BANK4            000400-0004FF              100
        BANK5            000500-0005FF              100
        BANK6            000600-0006FF              100
        BANK7            000700-0007FF              100
        BIGRAM           0000B2-0007FF              74E
        CODE             000004-0007FF              7FC
                         001280-007FFF             6D80
        CONST            000004-0007FF              7FC
                         001280-007FFF             6D80
        EEDATA           F00000-F000FF              100
        MEDIUMCONST      001280-007FFF             6D80
        RAM              0000B2-0007FF              100
        SFR              000F60-000FFF               A0
        SMALLCONST       001280-007FFF              100
        STACK            0000B2-0007FF              74E

                                  Symbol Table

?_ADC_Read                 cstackCOMRAM 000001
?___lldiv                  cstackCOMRAM 000001
?___lodiv                  cstackCOMRAM 000001
?___lomod                  cstackCOMRAM 000001
?_pad                      cstackCOMRAM 000011
?_sprintf                  cstackCOMRAM 000056
?_strlen                   cstackCOMRAM 000001
?_utoa                     cstackCOMRAM 00001C
?_vfpfcnvrt                cstackCOMRAM 00003C
?_vfprintf                 cstackCOMRAM 00004E
ADC_Init@p_ang             cstackCOMRAM 000001
ADC_Read@ch                cstackCOMRAM 000003
Uart_Init@baud             cstackCOMRAM 00000E
Uart_Init@vx               cstackCOMRAM 000016
Uart_Send_Char@txData      cstackCOMRAM 000001
Uart_Send_String@info      cstackCOMRAM 000002
_ADCON0                    (abs)        000FC2
_ADCON0bits                (abs)        000FC2
_ADCON1                    (abs)        000FC1
_ADCON2                    (abs)        000FC0
_ADC_Init                  text17       00126E
_ADC_Read                  text16       00114E
_ADRES                     (abs)        000FC3
_BAUDCON                   (abs)        000FB8
_BAUDCONbits               (abs)        000FB8
_PIR1bits                  (abs)        000F9E
_RCREG                     (abs)        000FAE
_RCSTA                     (abs)        000FAB
_RCSTAbits                 (abs)        000FAB
_SPBRG                     (abs)        000FAF
_SPBRGH                    (abs)        000FB0
_TRISCbits                 (abs)        000F94
_TXREG                     (abs)        000FAD
_TXSTA                     (abs)        000FAC
_TXSTAbits                 (abs)        000FAC
_Uart_Init                 text14       00102C
_Uart_Send_Char            text13       001258
_Uart_Send_String          text12       00120E
__HRAM                     (abs)        000000
__Habs1                    abs1         000000
__Hbank0                   bank0        000000
__Hbank1                   bank1        000000
__Hbank2                   bank2        000000
__Hbank3                   bank3        000000
__Hbank4                   bank4        000000
__Hbank5                   bank5        000000
__Hbank6                   bank6        000000
__Hbank7                   bank7        000000
__Hbigbss                  bigbss       000000
__Hbigdata                 bigdata      000000
__Hbigram                  bigram       000000
__Hbss                     bss          000000
__HbssBANK0                bssBANK0     000000
__Hcinit                   cinit        000000
__Hclrtext                 clrtext      000000
__Hcomram                  comram       000000
__Hconfig                  config       30000E
__Hconst                   const        000000
__HcstackBANK0             cstackBANK0  000000
__HcstackCOMRAM            cstackCOMRAM 000000
__Hdata                    data         000000
__Heeprom_data             eeprom_data  000000
__Hfarbss                  farbss       000000
__Hfardata                 fardata      000000
__Hibigdata                ibigdata     000000
__Hidata                   idata        000000
__Hidloc                   idloc        200008
__Hifardata                ifardata     000000
__Hinit                    init         000004
__Hintcode                 intcode      000000
__Hintcode_body            intcode_body 000000
__Hintcodelo               intcodelo    000000
__Hintentry                intentry     000000
__Hintret                  intret       000000
__Hintsave_regs            intsave_regs 000000
__Hirdata                  irdata       000000
__Hmediumconst             mediumconst  000000
__HnvFARRAM                nvFARRAM     000000
__Hnvbit                   nvbit        000000
__Hnvrram                  nvrram       000000
__Hparam                   rparam       000000
__Hpowerup                 powerup      000000
__Hram                     ram          000000
__Hramtop                  ramtop       000800
__Hrbit                    rbit         000000
__Hrbss                    rbss         000000
__Hrdata                   rdata        000000
__Hreset_vec               reset_vec    000000
__Hrparam                  rparam       000000
__Hsfr                     sfr          000000
__Hsmallconst              smallconst   00081E
__Hspace_0                 (abs)        001280
__Hspace_1                 (abs)        0000B2
__Hspace_2                 (abs)        000000
__Hspace_4                 (abs)        60000E
__Hstack                   stack        000000
__Hstruct                  struct       000000
__Htemp                    temp         000000
__Htext                    text         000000
__Htext0                   text0        000000
__Htext1                   text1        000000
__Htext10                  text10       000000
__Htext11                  text11       000000
__Htext12                  text12       000000
__Htext13                  text13       000000
__Htext14                  text14       000000
__Htext15                  text15       000000
__Htext16                  text16       000000
__Htext17                  text17       000000
__Htext2                   text2        000000
__Htext3                   text3        000000
__Htext4                   text4        000000
__Htext5                   text5        000000
__Htext6                   text6        000000
__Htext7                   text7        000000
__Htext8                   text8        000000
__Htext9                   text9        000000
__LRAM                     (abs)        000001
__Labs1                    abs1         000000
__Lbank0                   bank0        000000
__Lbank1                   bank1        000000
__Lbank2                   bank2        000000
__Lbank3                   bank3        000000
__Lbank4                   bank4        000000
__Lbank5                   bank5        000000
__Lbank6                   bank6        000000
__Lbank7                   bank7        000000
__Lbigbss                  bigbss       000000
__Lbigdata                 bigdata      000000
__Lbigram                  bigram       000000
__Lbss                     bss          000000
__LbssBANK0                bssBANK0     000000
__Lcinit                   cinit        000000
__Lclrtext                 clrtext      000000
__Lcomram                  comram       000000
__Lconfig                  config       000000
__Lconst                   const        000000
__LcstackBANK0             cstackBANK0  000000
__LcstackCOMRAM            cstackCOMRAM 000000
__Ldata                    data         000000
__Leeprom_data             eeprom_data  000000
__Lfarbss                  farbss       000000
__Lfardata                 fardata      000000
__Libigdata                ibigdata     000000
__Lidata                   idata        000000
__Lidloc                   idloc        000000
__Lifardata                ifardata     000000
__Linit                    init         000000
__Lintcode                 intcode      000000
__Lintcode_body            intcode_body 000000
__Lintcodelo               intcodelo    000000
__Lintentry                intentry     000000
__Lintret                  intret       000000
__Lintsave_regs            intsave_regs 000000
__Lirdata                  irdata       000000
__Lmediumconst             mediumconst  000000
__LnvFARRAM                nvFARRAM     000000
__Lnvbit                   nvbit        000000
__Lnvrram                  nvrram       000000
__Lparam                   rparam       000000
__Lpowerup                 powerup      000000
__Lram                     ram          000000
__Lramtop                  ramtop       000800
__Lrbit                    rbit         000000
__Lrbss                    rbss         000000
__Lrdata                   rdata        000000
__Lreset_vec               reset_vec    000000
__Lrparam                  rparam       000000
__Lsfr                     sfr          000000
__Lsmallconst              smallconst   000800
__Lspace_0                 (abs)        000000
__Lspace_1                 (abs)        000000
__Lspace_2                 (abs)        000000
__Lspace_4                 (abs)        000000
__Lstack                   stack        000000
__Lstruct                  struct       000000
__Ltemp                    temp         000000
__Ltext                    text         000000
__Ltext0                   text0        000000
__Ltext1                   text1        000000
__Ltext10                  text10       000000
__Ltext11                  text11       000000
__Ltext12                  text12       000000
__Ltext13                  text13       000000
__Ltext14                  text14       000000
__Ltext15                  text15       000000
__Ltext16                  text16       000000
__Ltext17                  text17       000000
__Ltext2                   text2        000000
__Ltext3                   text3        000000
__Ltext4                   text4        000000
__Ltext5                   text5        000000
__Ltext6                   text6        000000
__Ltext7                   text7        000000
__Ltext8                   text8        000000
__Ltext9                   text9        000000
__S0                       (abs)        001280
__S1                       (abs)        0000B2
__S2                       (abs)        000000
__S4                       (abs)        000000
__S5                       (abs)        000000
___inthi_sp                stack        000000
___intlo_sp                stack        000000
___lldiv                   text15       000F02
___lldiv@counter           cstackCOMRAM 00000D
___lldiv@dividend          cstackCOMRAM 000001
___lldiv@divisor           cstackCOMRAM 000005
___lldiv@quotient          cstackCOMRAM 000009
___lodiv                   text11       000BB2
___lodiv@counter           cstackCOMRAM 000019
___lodiv@dividend          cstackCOMRAM 000001
___lodiv@divisor           cstackCOMRAM 000009
___lodiv@quotient          cstackCOMRAM 000011
___lomod                   text10       000CA2
___lomod@counter           cstackCOMRAM 000011
___lomod@dividend          cstackCOMRAM 000001
___lomod@divisor           cstackCOMRAM 000009
___param_bank              (abs)        000000
___rparam_used             (abs)        000001
___sp                      stack        000000
__accesstop                (abs)        000060
__activetblptr             (abs)        000001
__end_of_ADC_Init          text17       00127E
__end_of_ADC_Read          text16       001194
__end_of_Uart_Init         text14       00109A
__end_of_Uart_Send_Char    text13       00126E
__end_of_Uart_Send_String  text12       00123E
__end_of___lldiv           text15       000FA6
__end_of___lodiv           text11       000CA2
__end_of___lomod           text10       000D72
__end_of__initialization   cinit        00124A
__end_of_fputc             text8        000E3C
__end_of_fputs             text7        0011D8
__end_of_main              text0        00102C
__end_of_pad               text5        000F02
__end_of_putch             text9        001280
__end_of_sprintf           text1        00114E
__end_of_strlen            text6        00120E
__end_of_utoa              text4        000A20
__end_of_vfpfcnvrt         text3        000BB2
__end_of_vfprintf          text2        0010FC
__initialization           cinit        00123E
__mediumconst              mediumconst  000000
__pbssBANK0                bssBANK0     000060
__pcinit                   cinit        00123E
__pcstackBANK0             cstackBANK0  0000A6
__pcstackCOMRAM            cstackCOMRAM 000001
__psmallconst              smallconst   000800
__ptext0                   text0        000FA6
__ptext1                   text1        0010FC
__ptext10                  text10       000CA2
__ptext11                  text11       000BB2
__ptext12                  text12       00120E
__ptext13                  text13       001258
__ptext14                  text14       00102C
__ptext15                  text15       000F02
__ptext16                  text16       00114E
__ptext17                  text17       00126E
__ptext2                   text2        00109A
__ptext3                   text3        000A20
__ptext4                   text4        00081E
__ptext5                   text5        000E3C
__ptext6                   text6        0011D8
__ptext7                   text7        001194
__ptext8                   text8        000D72
__ptext9                   text9        00127E
__ramtop                   ramtop       000800
__size_of_ADC_Init         (abs)        000000
__size_of_ADC_Read         (abs)        000000
__size_of_Uart_Init        (abs)        000000
__size_of_Uart_Send_Char   (abs)        000000
__size_of_Uart_Send_String (abs)        000000
__size_of___lldiv          (abs)        000000
__size_of___lodiv          (abs)        000000
__size_of___lomod          (abs)        000000
__size_of_fputc            (abs)        000000
__size_of_fputs            (abs)        000000
__size_of_main             (abs)        000000
__size_of_pad              (abs)        000000
__size_of_putch            (abs)        000000
__size_of_sprintf          (abs)        000000
__size_of_strlen           (abs)        000000
__size_of_utoa             (abs)        000000
__size_of_vfpfcnvrt        (abs)        000000
__size_of_vfprintf         (abs)        000000
__smallconst               smallconst   000800
_buffer                    bssBANK0     000088
_dbuf                      bssBANK0     000068
_flags                     bssBANK0     000066
_fputc                     text8        000D72
_fputs                     text7        001194
_main                      text0        000FA6
_nout                      bssBANK0     000060
_pad                       text5        000E3C
_prec                      bssBANK0     000064
_putch                     text9        00127E
_sprintf                   text1        0010FC
_strlen                    text6        0011D8
_utoa                      text4        00081E
_vfpfcnvrt                 text3        000A20
_vfprintf                  text2        00109A
_width                     bssBANK0     000062
end_of_initialization      cinit        00124A
fputc@c                    cstackCOMRAM 000001
fputc@fp                   cstackCOMRAM 000003
fputs@c                    cstackCOMRAM 00000E
fputs@fp                   cstackCOMRAM 00000C
fputs@i                    cstackCOMRAM 00000F
fputs@s                    cstackCOMRAM 00000A
intlevel0                  text         000000
intlevel1                  text         000000
intlevel2                  text         000000
intlevel3                  text         000000
isa$std                    (abs)        000001
isa$xinst                  (abs)        000000
main@valor_ch0             cstackBANK0  0000AE
main@valor_ch1             cstackBANK0  0000B0
pad@buf                    cstackCOMRAM 000013
pad@fp                     cstackCOMRAM 000011
pad@i                      cstackCOMRAM 000018
pad@p                      cstackCOMRAM 000015
pad@w                      cstackCOMRAM 00001A
sprintf@ap                 cstackBANK0  0000A6
sprintf@f                  cstackBANK0  0000A8
sprintf@fmt                cstackCOMRAM 000058
sprintf@s                  cstackCOMRAM 000056
stackhi                    (abs)        0007FF
stacklo                    (abs)        0000B2
start                      init         000000
start_initialization       cinit        00123E
strlen@a                   cstackCOMRAM 000003
strlen@s                   cstackCOMRAM 000001
utoa@d                     cstackCOMRAM 00001E
utoa@fp                    cstackCOMRAM 00001C
utoa@i                     cstackCOMRAM 00003A
utoa@n                     cstackCOMRAM 000032
utoa@p                     cstackCOMRAM 00002E
utoa@w                     cstackCOMRAM 000030
vfpfcnvrt@ap               cstackCOMRAM 000040
vfpfcnvrt@fmt              cstackCOMRAM 00003E
vfpfcnvrt@fp               cstackCOMRAM 00003C
vfpfcnvrt@llu              cstackCOMRAM 000046
vfprintf@ap                cstackCOMRAM 000052
vfprintf@cfmt              cstackCOMRAM 000054
vfprintf@fmt               cstackCOMRAM 000050
vfprintf@fp                cstackCOMRAM 00004E


MODULE INFORMATION

Module		Function		Class		Link	Load	Size
C:\Program Files\Microchip\xc8\v2.32\pic\sources\c99\common\nf_sprintf.c
		_sprintf       		CODE           	10FC	0000	82

C:\Program Files\Microchip\xc8\v2.32\pic\sources\c99\common\nf_sprintf.c estimated size: 82

C:\Program Files\Microchip\xc8\v2.32\pic\sources\c99\common\doprnt.c
		_vfpfcnvrt     		CODE           	0A20	0000	402
		_pad           		CODE           	0E3C	0000	198
		_vfprintf      		CODE           	109A	0000	98
		_utoa          		CODE           	081E	0000	514

C:\Program Files\Microchip\xc8\v2.32\pic\sources\c99\common\doprnt.c estimated size: 1212

uart.c
		_Uart_Init     		CODE           	102C	0000	110
		_Uart_Send_String		CODE           	120E	0000	48
		_Uart_Send_Char		CODE           	1258	0000	22

uart.c estimated size: 180

C:\Program Files\Microchip\xc8\v2.32\pic\sources\c99\common\lomod.c
		___lomod       		CODE           	0CA2	0000	208

C:\Program Files\Microchip\xc8\v2.32\pic\sources\c99\common\lomod.c estimated size: 208

C:\Program Files\Microchip\xc8\v2.32\pic\sources\c99\common\nf_fputs.c
		_fputs         		CODE           	1194	0000	68

C:\Program Files\Microchip\xc8\v2.32\pic\sources\c99\common\nf_fputs.c estimated size: 68

C:\Program Files\Microchip\xc8\v2.32\pic\sources\c99\common\putch.c
		_putch         		CODE           	127E	0000	2

C:\Program Files\Microchip\xc8\v2.32\pic\sources\c99\common\putch.c estimated size: 2

adc.c
		_ADC_Read      		CODE           	114E	0000	70
		_ADC_Init      		CODE           	126E	0000	16

adc.c estimated size: 86

C:\Program Files\Microchip\xc8\v2.32\pic\sources\c99\common\lodiv.c
		___lodiv       		CODE           	0BB2	0000	240

C:\Program Files\Microchip\xc8\v2.32\pic\sources\c99\common\lodiv.c estimated size: 240

shared
		__initialization		CODE           	123E	0000	12

shared estimated size: 12

UART_TX_Datos.c
		_main          		CODE           	0FA6	0000	134

UART_TX_Datos.c estimated size: 134

C:\Program Files\Microchip\xc8\v2.32\pic\sources\c99\common\nf_fputc.c
		_fputc         		CODE           	0D72	0000	202

C:\Program Files\Microchip\xc8\v2.32\pic\sources\c99\common\nf_fputc.c estimated size: 202

C:\Program Files\Microchip\xc8\v2.32\pic\sources\c99\common\__lldiv.c
		___lldiv       		CODE           	0F02	0000	164

C:\Program Files\Microchip\xc8\v2.32\pic\sources\c99\common\__lldiv.c estimated size: 164

C:\Program Files\Microchip\xc8\v2.32\pic\sources\c99\common\strlen.c
		_strlen        		CODE           	11D8	0000	54

C:\Program Files\Microchip\xc8\v2.32\pic\sources\c99\common\strlen.c estimated size: 54

