Microchip MPLAB XC8 Compiler V2.36

Linker command line:

-W-3 --edf=C:\Program Files\Microchip\xc8\v2.36\pic\dat\en_msgs.txt -cn \
  -h+dist/default/production\PruebaCCP.X.production.sym \
  --cmf=dist/default/production\PruebaCCP.X.production.cmf -z -Q16F628A \
  -oC:\Users\tomas\AppData\Local\Temp\xcAs88s.4 --defsym=__MPLAB_BUILD=1 \
  -Mdist/default/production/PruebaCCP.X.production.map \
  --md=C:\Users\tomas\AppData\Local\Temp\xcAs88s.dat -E1 -ver=XC8 Compiler \
  -ACODE=00h-07FFh -ASTRCODE=00h-07FFh -ASTRING=00h-0FFhx8 \
  -ACONST=00h-0FFhx8 -AENTRY=00h-0FFhx8 -ACOMMON=070h-07Fh \
  -ABANK0=020h-06Fh -ABANK1=0A0h-0EFh -ABANK2=0120h-014Fh \
  -ARAM=020h-06Fh,0A0h-0EFh,0120h-014Fh \
  -AABS1=020h-07Fh,0A0h-0EFh,0120h-014Fh -ASFR0=00h-01Fh -ASFR1=080h-09Fh \
  -ASFR2=0100h-011Fh -ASFR3=0180h-01EFh -ACONFIG=02007h-02007h -DCONFIG=2 \
  -AIDLOC=02000h-02003h -DIDLOC=2 -AEEDATA=00h-07Fh/02100h \
  -peeprom_data=EEDATA -DEEDATA=2 -DCODE=2 -DSTRCODE=2 -DSTRING=2 -DCONST=2 \
  -DENTRY=2 -preset_vec=00h,intentry=04h,init,end_init -ppowerup=CODE \
  -pcinit=CODE -pfunctab=ENTRY -k \
  C:\Users\tomas\AppData\Local\Temp\xcAs88s.o \
  dist/default/production\PruebaCCP.X.production.o 

Object code version is 3.11

Machine type is 16F628A



                Name                               Link     Load   Length Selector   Space Scale
C:\Users\tomas\AppData\Local\Temp\xcAs88s.o
                end_init                              A        A        1        8       0
                reset_vec                             0        0        1        0       0
                config                             2007     2007        1        0       4
                idloc                              2000     2000        4        0       5
dist/default/production\PruebaCCP.X.production.o
                cinit                                 B        B        7        8       0
                intentry                              4        4        6        8       0
                config                             2007     2007        1        0       4
                idloc                              2000     2000        4        0       5
                text16                              581      581       16      A42       0
                text15                              53B      53B       1A      A42       0
                text14                              56B      56B       16      A42       0
                text13                              59F      59F        5      A42       0
                text12                              468      468       3A        8       0
                text11                              23C      23C       86        8       0
                text10                              4D6      4D6       2F        8       0
                text9                               521      521       1A      A42       0
                text8                               3C0      3C0       6C        8       0
                text7                                E3       E3       B6        8       0
                text6                                12       12       D1        8       0
                text5                               343      343       7D        8       0
                text4                               555      555       16      A42       0
                text3                               42C      42C       3C        8       0
                text2                               4A2      4A2       34        8       0
                text1                               199      199       A3        8       0
                maintext                            2C2      2C2       81        8       0
                cstackBANK0                          20       20       20       20       1
                cstackCOMMON                         70       70        C       70       1
                clrtext                             597      597        8      A42       0
                bssBANK0                             40       40       1D       20       1
                strings                             505      505       1C      A0A       0

TOTAL           Name                               Link     Load   Length     Space
        CLASS   CODE           
                end_init                              A        A        1         0
                cinit                                 B        B        7         0
                intentry                              4        4        6         0
                reset_vec                             0        0        1         0
                text16                              581      581       16         0
                text15                              53B      53B       1A         0
                text14                              56B      56B       16         0
                text13                              59F      59F        5         0
                text12                              468      468       3A         0
                text11                              23C      23C       86         0
                text10                              4D6      4D6       2F         0
                text9                               521      521       1A         0
                text8                               3C0      3C0       6C         0
                text7                                E3       E3       B6         0
                text6                                12       12       D1         0
                text5                               343      343       7D         0
                text4                               555      555       16         0
                text3                               42C      42C       3C         0
                text2                               4A2      4A2       34         0
                text1                               199      199       A3         0
                maintext                            2C2      2C2       81         0
                clrtext                             597      597        8         0

        CLASS   STRCODE        

        CLASS   STRING         
                strings                             505      505       1C         0

        CLASS   CONST          

        CLASS   ENTRY          

        CLASS   COMMON         
                cstackCOMMON                         70       70        C         1

        CLASS   BANK0          
                cstackBANK0                          20       20       20         1
                bssBANK0                             40       40       1D         1

        CLASS   BANK1          

        CLASS   BANK2          

        CLASS   RAM            

        CLASS   ABS1           
                abs_s1                               7E       7E        2         1

        CLASS   SFR0           

        CLASS   SFR1           

        CLASS   SFR2           

        CLASS   SFR3           

        CLASS   CONFIG         
                config                             2007     2007        1         4

        CLASS   IDLOC          
                idloc                              2000     2000        4         5

        CLASS   EEDATA         

        CLASS   BANK3          

        CLASS   STACK          



SEGMENTS        Name                           Load    Length   Top    Selector   Space  Class     Delta

                reset_vec                      000000  000001  000001         0       0  CODE        2
                intentry                       000004  000501  000505         8       0  CODE        2
                cstackBANK0                    000020  00003D  00005D        20       1  BANK0       1
                cstackCOMMON                   000070  00000C  00007C        70       1  COMMON      1
                strings                        000505  00001C  000521       A0A       0  STRING      2
                text9                          000521  000083  0005A4       A42       0  CODE        2


UNUSED ADDRESS RANGES

        Name                Unused          Largest block    Delta
        BANK0            005D-006F             13           1
        BANK1            00A0-00EF             50           1
        BANK2            0120-014F             30           1
        CODE             0001-0003              3           2
                         05A4-07FF            25C
        COMMON           007C-007D              2           1
        CONST            0001-0003              3           2
                         05A4-07FF            100
        EEDATA           2100-217F             80           2
        ENTRY            0001-0003              3           2
                         05A4-07FF            100
        RAM              005D-006F             13           1
                         00A0-00EF             50
                         0120-014F             30
        SFR0             0000-001F             20           1
        SFR1             0080-009F             20           1
        SFR2             0100-011F             20           1
        SFR3             0180-01EF             70           1
        STRCODE          0001-0003              3           2
                         05A4-07FF            25C
        STRING           0001-0003              3           2
                         05A4-07FF            100

                                  Symbol Table

?___ftdiv                 cstackBANK0  0020
?___ftmul                 cstackBANK0  0023
?___ftpack                cstackCOMMON 0072
?___fttol                 cstackBANK0  0030
?___lwdiv                 cstackCOMMON 0072
?___lwmod                 cstackBANK0  0020
?___lwtoft                cstackBANK0  0020
?_sprintf                 cstackBANK0  0024
Lcd_Cmd@a                 cstackCOMMON 0075
Lcd_Port@a                cstackCOMMON 0072
Lcd_Set_Cursor@a          cstackBANK0  0020
Lcd_Set_Cursor@b          cstackCOMMON 0076
Lcd_Set_Cursor@temp       cstackBANK0  0023
Lcd_Set_Cursor@y          cstackBANK0  0022
Lcd_Set_Cursor@z          cstackBANK0  0021
Lcd_Write_Char@a          cstackCOMMON 0076
Lcd_Write_Char@temp       cstackCOMMON 0074
Lcd_Write_Char@y          cstackCOMMON 0075
Lcd_Write_String@a        cstackCOMMON 007A
Lcd_Write_String@i        cstackCOMMON 0078
_CCP1CON                  (abs)        0017
_CCPR1H                   (abs)        0016
_CCPR1L                   (abs)        0015
_INTCONbits               (abs)        000B
_INT_CCP1                 text16       0581
_Lcd_Clear                text13       059F
_Lcd_Cmd                  text14       056B
_Lcd_Init                 text12       0468
_Lcd_Port                 text15       053B
_Lcd_Set_Cursor           text11       023C
_Lcd_Write_Char           text10       04D6
_Lcd_Write_String         text9        0521
_PIE1bits                 (abs)        008C
_PIR1bits                 (abs)        000C
_PORTBbits                (abs)        0006
_T1CON                    (abs)        0010
_T1CONbits                (abs)        0010
_TMR1H                    (abs)        000F
_TMR1L                    (abs)        000E
_TRISBbits                (abs)        0086
__Habs1                   abs1         0000
__Hbank0                  bank0        0000
__Hbank1                  bank1        0000
__Hbank2                  bank2        0000
__Hbank3                  bank3        0000
__HbssBANK0               bssBANK0     0000
__Hcinit                  cinit        0012
__Hclrtext                clrtext      0000
__Hcode                   code         0000
__Hcommon                 common       0000
__Hconfig                 config       2008
__HcstackBANK0            cstackBANK0  0000
__HcstackCOMMON           cstackCOMMON 0000
__Heeprom_data            eeprom_data  0000
__Hend_init               end_init     000B
__Hfunctab                functab      0000
__Hidloc                  idloc        2004
__Hinit                   init         000A
__Hintentry               intentry     000A
__Hmaintext               maintext     0000
__Hpowerup                powerup      0000
__Hram                    ram          0000
__Hreset_vec              reset_vec    0001
__Hsfr0                   sfr0         0000
__Hsfr1                   sfr1         0000
__Hsfr2                   sfr2         0000
__Hsfr3                   sfr3         0000
__Hspace_0                (abs)        05A4
__Hspace_1                (abs)        007C
__Hspace_2                (abs)        0000
__Hspace_3                (abs)        0000
__Hspace_4                (abs)        400F
__Hstack                  stack        0000
__Hstrings                strings      0000
__Htext                   text         0000
__Labs1                   abs1         0000
__Lbank0                  bank0        0000
__Lbank1                  bank1        0000
__Lbank2                  bank2        0000
__Lbank3                  bank3        0000
__LbssBANK0               bssBANK0     0000
__Lcinit                  cinit        000B
__Lclrtext                clrtext      0000
__Lcode                   code         0000
__Lcommon                 common       0000
__Lconfig                 config       0000
__LcstackBANK0            cstackBANK0  0000
__LcstackCOMMON           cstackCOMMON 0000
__Leeprom_data            eeprom_data  0000
__Lend_init               end_init     000A
__Lfunctab                functab      0000
__Lidloc                  idloc        0000
__Linit                   init         000A
__Lintentry               intentry     0004
__Lmaintext               maintext     0000
__Lpowerup                powerup      0000
__Lram                    ram          0000
__Lreset_vec              reset_vec    0000
__Lsfr0                   sfr0         0000
__Lsfr1                   sfr1         0000
__Lsfr2                   sfr2         0000
__Lsfr3                   sfr3         0000
__Lspace_0                (abs)        0000
__Lspace_1                (abs)        0000
__Lspace_2                (abs)        0000
__Lspace_3                (abs)        0000
__Lspace_4                (abs)        0000
__Lstack                  stack        0000
__Lstrings                strings      0000
__Ltext                   text         0000
__S0                      (abs)        05A4
__S1                      (abs)        007C
__S3                      (abs)        0000
___ftdiv                  text7        00E3
___ftdiv@cntr             cstackBANK0  002A
___ftdiv@exp              cstackBANK0  002E
___ftdiv@f1               cstackBANK0  0023
___ftdiv@f2               cstackBANK0  0020
___ftdiv@f3               cstackBANK0  002B
___ftdiv@sign             cstackBANK0  002F
___ftmul                  text6        0012
___ftmul@cntr             cstackBANK0  0031
___ftmul@exp              cstackBANK0  002D
___ftmul@f1               cstackBANK0  0023
___ftmul@f2               cstackBANK0  0026
___ftmul@f3_as_product    cstackBANK0  002E
___ftmul@sign             cstackBANK0  0032
___ftpack                 text8        03C0
___ftpack@arg             cstackCOMMON 0072
___ftpack@exp             cstackCOMMON 0075
___ftpack@sign            cstackCOMMON 0076
___fttol                  text5        0343
___fttol@exp1             cstackBANK0  003D
___fttol@f1               cstackBANK0  0030
___fttol@lval             cstackBANK0  0039
___fttol@sign1            cstackBANK0  0038
___int_sp                 stack        0000
___latbits                (abs)        0000
___lwdiv                  text3        042C
___lwdiv@counter          cstackCOMMON 0079
___lwdiv@dividend         cstackCOMMON 0074
___lwdiv@divisor          cstackCOMMON 0072
___lwdiv@quotient         cstackCOMMON 0077
___lwmod                  text2        04A2
___lwmod@counter          cstackCOMMON 007B
___lwmod@dividend         cstackBANK0  0022
___lwmod@divisor          cstackBANK0  0020
___lwtoft                 text4        0555
___lwtoft@c               cstackBANK0  0020
___sp                     stack        0000
___stackhi                (abs)        0000
___stacklo                (abs)        0000
__end_of_INT_CCP1         text16       0597
__end_of_Lcd_Clear        text13       05A4
__end_of_Lcd_Cmd          text14       0581
__end_of_Lcd_Init         text12       04A2
__end_of_Lcd_Port         text15       0555
__end_of_Lcd_Set_Cursor   text11       02C2
__end_of_Lcd_Write_Char   text10       0505
__end_of_Lcd_Write_String text9        053B
__end_of___ftdiv          text7        0199
__end_of___ftmul          text6        00E3
__end_of___ftpack         text8        042C
__end_of___fttol          text5        03C0
__end_of___lwdiv          text3        0468
__end_of___lwmod          text2        04D6
__end_of___lwtoft         text4        056B
__end_of__initialization  cinit        0010
__end_of__stringtab       strings      050B
__end_of_dpowers          strings      0515
__end_of_main             maintext     0343
__end_of_sprintf          text1        023C
__initialization          cinit        000B
__pbssBANK0               bssBANK0     0040
__pcstackBANK0            cstackBANK0  0020
__pcstackCOMMON           cstackCOMMON 0070
__pintentry               intentry     0004
__pmaintext               maintext     02C2
__pstrings                strings      0505
__ptext1                  text1        0199
__ptext10                 text10       04D6
__ptext11                 text11       023C
__ptext12                 text12       0468
__ptext13                 text13       059F
__ptext14                 text14       056B
__ptext15                 text15       053B
__ptext16                 text16       0581
__ptext2                  text2        04A2
__ptext3                  text3        042C
__ptext4                  text4        0555
__ptext5                  text5        0343
__ptext6                  text6        0012
__ptext7                  text7        00E3
__ptext8                  text8        03C0
__ptext9                  text9        0521
__stringbase              strings      050A
__stringtab               strings      0505
_buffer                   bssBANK0     0046
_dpowers                  strings      050B
_frecuencia               bssBANK0     0042
_in                       bssBANK0     0040
_main                     maintext     02C2
_periodo                  bssBANK0     005A
_sprintf                  text1        0199
_valor_pasos              bssBANK0     0044
btemp                     (abs)        007E
clear_ram0                clrtext      0597
end_of_initialization     cinit        0010
interrupt_function        intentry     0004
intlevel0                 functab      0000
intlevel1                 functab      0000
intlevel2                 functab      0000
intlevel3                 functab      0000
intlevel4                 functab      0000
intlevel5                 functab      0000
reset_vec                 reset_vec    0000
saved_w                   (abs)        007E
sprintf@ap                cstackBANK0  002B
sprintf@c                 cstackBANK0  0030
sprintf@f                 cstackBANK0  0024
sprintf@flag              cstackBANK0  002A
sprintf@prec              cstackBANK0  002E
sprintf@sp                cstackBANK0  002F
sprintf@val               cstackBANK0  002C
start                     init         000A
start_initialization      cinit        000B
wtemp0                    (abs)        007E


MODULE INFORMATION

Module		Function		Class		Link	Load	Size
C:\Program Files\Microchip\xc8\v2.36\pic\sources\c90\common\doprnt.c
		_sprintf       		CODE           	0199	0000	163

C:\Program Files\Microchip\xc8\v2.36\pic\sources\c90\common\doprnt.c estimated size: 163

C:\Program Files\Microchip\xc8\v2.36\pic\sources\c90\common\float.c
		___ftpack      		CODE           	03C0	0000	108

C:\Program Files\Microchip\xc8\v2.36\pic\sources\c90\common\float.c estimated size: 108

C:\Program Files\Microchip\xc8\v2.36\pic\sources\c90\common\lwtoft.c
		___lwtoft      		CODE           	0555	0000	22

C:\Program Files\Microchip\xc8\v2.36\pic\sources\c90\common\lwtoft.c estimated size: 22

C:\Program Files\Microchip\xc8\v2.36\pic\sources\c90\common\lwmod.c
		___lwmod       		CODE           	04A2	0000	52

C:\Program Files\Microchip\xc8\v2.36\pic\sources\c90\common\lwmod.c estimated size: 52

C:\Program Files\Microchip\xc8\v2.36\pic\sources\c90\common\ftmul.c
		___ftmul       		CODE           	0012	0000	209

C:\Program Files\Microchip\xc8\v2.36\pic\sources\c90\common\ftmul.c estimated size: 209

C:\Program Files\Microchip\xc8\v2.36\pic\sources\c90\common\ftdiv.c
		___ftdiv       		CODE           	00E3	0000	182

C:\Program Files\Microchip\xc8\v2.36\pic\sources\c90\common\ftdiv.c estimated size: 182

C:\Program Files\Microchip\xc8\v2.36\pic\sources\c90\common\lwdiv.c
		___lwdiv       		CODE           	042C	0000	60

C:\Program Files\Microchip\xc8\v2.36\pic\sources\c90\common\lwdiv.c estimated size: 60

C:\Program Files\Microchip\xc8\v2.36\pic\sources\c90\common\fttol.c
		___fttol       		CODE           	0343	0000	125

C:\Program Files\Microchip\xc8\v2.36\pic\sources\c90\common\fttol.c estimated size: 125

shared
		__stringtab    		STRING         	0505	0000	6
		_dpowers       		STRING         	050B	0000	10
		__initialization		CODE           	000B	0000	5

shared estimated size: 21

lcd.c
		_Lcd_Write_String		CODE           	0521	0000	26
		_Lcd_Init      		CODE           	0468	0000	58
		_Lcd_Write_Char		CODE           	04D6	0000	47
		_Lcd_Cmd       		CODE           	056B	0000	22
		_Lcd_Set_Cursor		CODE           	023C	0000	134
		_Lcd_Clear     		CODE           	059F	0000	5
		_Lcd_Port      		CODE           	053B	0000	26

lcd.c estimated size: 318

main.c
		_main          		CODE           	02C2	0000	129
		_INT_CCP1      		CODE           	0581	0000	22

main.c estimated size: 151

