Microchip MPLAB XC8 Compiler V2.36

Linker command line:

-W-3 --edf=C:\Program Files\Microchip\xc8\v2.36\pic\dat\en_msgs.txt -cn \
  -h+dist/default/production\USARTRX.X.production.sym \
  --cmf=dist/default/production\USARTRX.X.production.cmf -z -Q16F628A \
  -oC:\Users\tomas\AppData\Local\Temp\xcAs9n4.4 --defsym=__MPLAB_BUILD=1 \
  -Mdist/default/production/USARTRX.X.production.map \
  --md=C:\Users\tomas\AppData\Local\Temp\xcAs9n4.dat -E1 -ver=XC8 Compiler \
  --acfsm=1493 -ACODE=00h-07FFh -ASTRCODE=00h-07FFh -ASTRING=00h-0FFhx8 \
  -ACONST=00h-0FFhx8 -AENTRY=00h-0FFhx8 -ACOMMON=070h-07Fh \
  -ABANK0=020h-06Fh -ABANK1=0A0h-0EFh -ABANK2=0120h-014Fh \
  -ARAM=020h-06Fh,0A0h-0EFh,0120h-014Fh \
  -AABS1=020h-07Fh,0A0h-0EFh,0120h-014Fh -ASFR0=00h-01Fh -ASFR1=080h-09Fh \
  -ASFR2=0100h-011Fh -ASFR3=0180h-01EFh -ACONFIG=02007h-02007h -DCONFIG=2 \
  -AIDLOC=02000h-02003h -DIDLOC=2 -AEEDATA=00h-07Fh/02100h \
  -peeprom_data=EEDATA -DEEDATA=2 -DCODE=2 -DSTRCODE=2 -DSTRING=2 -DCONST=2 \
  -DENTRY=2 -preset_vec=00h,intentry,init,end_init -ppowerup=CODE \
  -pcinit=CODE -pfunctab=ENTRY -k \
  C:\Users\tomas\AppData\Local\Temp\xcAs9n4.o \
  dist/default/production\USARTRX.X.production.o 

Object code version is 3.11

Machine type is 16F628A



                Name                               Link     Load   Length Selector   Space Scale
C:\Users\tomas\AppData\Local\Temp\xcAs9n4.o
                end_init                              0        0        1        0       0
                config                             2007     2007        1        0       4
                idloc                              2000     2000        4        0       5
dist/default/production\USARTRX.X.production.o
                cinit                               7FE      7FE        2      FFC       0
                config                             2007     2007        1        0       4
                idloc                              2000     2000        4        0       5
                text12                              49A      49A        7      934       0
                text11                              4A1      4A1        A      942       0
                text10                              52B      52B       42      A56       0
                text9                               4AB      4AB        C      956       0
                text8                               5B1      5B1       45      B62       0
                text7                               5F6      5F6       66      BEC       0
                text6                               6C2      6C2       68      D84       0
                text5                               4B7      4B7       18      96E       0
                text4                               56D      56D       44      ADA       0
                text3                               4F1      4F1       3A      9E2       0
                text2                               65C      65C       66      CB8       0
                text1                               4CF      4CF       22      99E       0
                maintext                            72A      72A       D4      E54       0
                cstackBANK0                          20       20       27       20       1
                cstackCOMMON                         70       70        E       70       1
                strings                               1        1       53        2       0

TOTAL           Name                               Link     Load   Length     Space
        CLASS   CODE           
                end_init                              0        0        1         0
                cinit                               7FE      7FE        2         0
                text12                              49A      49A        7         0
                text11                              4A1      4A1        A         0
                text10                              52B      52B       42         0
                text9                               4AB      4AB        C         0
                text8                               5B1      5B1       45         0
                text7                               5F6      5F6       66         0
                text6                               6C2      6C2       68         0
                text5                               4B7      4B7       18         0
                text4                               56D      56D       44         0
                text3                               4F1      4F1       3A         0
                text2                               65C      65C       66         0
                text1                               4CF      4CF       22         0
                maintext                            72A      72A       D4         0

        CLASS   STRCODE        

        CLASS   STRING         
                strings                               1        1       53         0

        CLASS   CONST          

        CLASS   ENTRY          

        CLASS   COMMON         
                cstackCOMMON                         70       70        E         1

        CLASS   BANK0          
                cstackBANK0                          20       20       27         1

        CLASS   BANK1          

        CLASS   BANK2          

        CLASS   RAM            

        CLASS   ABS1           
                abs_s1                               7E       7E        2         1

        CLASS   SFR0           

        CLASS   SFR1           

        CLASS   SFR2           

        CLASS   SFR3           

        CLASS   CONFIG         
                config                             2007     2007        1         4

        CLASS   IDLOC          
                idloc                              2000     2000        4         5

        CLASS   EEDATA         

        CLASS   BANK3          

        CLASS   STACK          



SEGMENTS        Name                           Load    Length   Top    Selector   Space  Class     Delta

                reset_vec                      000000  000001  000001         0       0  CODE        2
                strings                        000001  000053  000054         2       0  STRING      2
                cstackBANK0                    000020  000027  000047        20       1  BANK0       1
                cstackCOMMON                   000070  00000E  00007E        70       1  COMMON      1
                text12                         00049A  000007  0004A1       934       0  CODE        2
                text11                         0004A1  00000A  0004AB       942       0  CODE        2
                text9                          0004AB  00000C  0004B7       956       0  CODE        2
                text5                          0004B7  000018  0004CF       96E       0  CODE        2
                text1                          0004CF  000022  0004F1       99E       0  CODE        2
                text3                          0004F1  00003A  00052B       9E2       0  CODE        2
                text10                         00052B  000042  00056D       A56       0  CODE        2
                text4                          00056D  000044  0005B1       ADA       0  CODE        2
                text8                          0005B1  000045  0005F6       B62       0  CODE        2
                text7                          0005F6  000066  00065C       BEC       0  CODE        2
                text2                          00065C  000066  0006C2       CB8       0  CODE        2
                text6                          0006C2  000068  00072A       D84       0  CODE        2
                maintext                       00072A  0000D4  0007FE       E54       0  CODE        2
                cinit                          0007FE  000002  000800       FFC       0  CODE        2


UNUSED ADDRESS RANGES

        Name                Unused          Largest block    Delta
        BANK0            0047-006F             29           1
        BANK1            00A0-00EF             50           1
        BANK2            0120-014F             30           1
        CODE             0054-0499            446           2
        CONST            0054-0499            100           2
        EEDATA           2100-217F             80           2
        ENTRY            0054-0499            100           2
        RAM              0047-006F             29           1
                         00A0-00EF             50
                         0120-014F             30
        SFR0             0000-001F             20           1
        SFR1             0080-009F             20           1
        SFR2             0100-011F             20           1
        SFR3             0180-01EF             70           1
        STRCODE          0054-0499            446           2
        STRING           0054-0499            100           2

                                  Symbol Table

?___lldiv                 cstackCOMMON 0070
?___lwdiv                 cstackCOMMON 0070
?___lwmod                 cstackCOMMON 0070
UARTInit@BRGH             cstackBANK0  0024
UARTInit@baud_rate        cstackBANK0  0020
UARTReadString@buf        cstackCOMMON 0074
UARTReadString@i          cstackCOMMON 0076
UARTReadString@max_length cstackCOMMON 0071
UARTReadString@tmp        cstackCOMMON 0075
UARTSendChar@c            cstackCOMMON 0070
UARTSendString@i          cstackCOMMON 0077
UARTSendString@max_length cstackCOMMON 0073
UARTSendString@str        cstackCOMMON 0071
_CMCONbits                (abs)        001F
_PIR1bits                 (abs)        000C
_PORTA                    (abs)        0005
_PORTAbits                (abs)        0005
_RCREG                    (abs)        001A
_RCSTAbits                (abs)        0018
_SPBRG                    (abs)        0099
_TRISA                    (abs)        0085
_TRISBbits                (abs)        0086
_TXREG                    (abs)        0019
_TXSTAbits                (abs)        0098
_UARTDataReady            text12       049A
_UARTInit                 text6        06C2
_UARTReadChar             text11       04A1
_UARTReadString           text10       052B
_UARTSendChar             text9        04AB
_UARTSendString           text8        05B1
__Habs1                   abs1         0000
__Hbank0                  bank0        0000
__Hbank1                  bank1        0000
__Hbank2                  bank2        0000
__Hbank3                  bank3        0000
__Hcinit                  cinit        0800
__Hclrtext                clrtext      0000
__Hcode                   code         0000
__Hcommon                 common       0000
__Hconfig                 config       2008
__HcstackBANK0            cstackBANK0  0000
__HcstackCOMMON           cstackCOMMON 0000
__Heeprom_data            eeprom_data  0000
__Hend_init               end_init     0001
__Hfunctab                functab      0000
__Hidloc                  idloc        2004
__Hinit                   init         0000
__Hintentry               intentry     0000
__Hmaintext               maintext     0000
__Hpowerup                powerup      0000
__Hram                    ram          0000
__Hreset_vec              reset_vec    0000
__Hsfr0                   sfr0         0000
__Hsfr1                   sfr1         0000
__Hsfr2                   sfr2         0000
__Hsfr3                   sfr3         0000
__Hspace_0                (abs)        0800
__Hspace_1                (abs)        007E
__Hspace_2                (abs)        0000
__Hspace_3                (abs)        0000
__Hspace_4                (abs)        400F
__Hstack                  stack        0000
__Hstrings                strings      0000
__Htext                   text         0000
__Labs1                   abs1         0000
__Lbank0                  bank0        0000
__Lbank1                  bank1        0000
__Lbank2                  bank2        0000
__Lbank3                  bank3        0000
__Lcinit                  cinit        07FE
__Lclrtext                clrtext      0000
__Lcode                   code         0000
__Lcommon                 common       0000
__Lconfig                 config       0000
__LcstackBANK0            cstackBANK0  0000
__LcstackCOMMON           cstackCOMMON 0000
__Leeprom_data            eeprom_data  0000
__Lend_init               end_init     0000
__Lfunctab                functab      0000
__Lidloc                  idloc        0000
__Linit                   init         0000
__Lintentry               intentry     0000
__Lmaintext               maintext     0000
__Lpowerup                powerup      0000
__Lram                    ram          0000
__Lreset_vec              reset_vec    0000
__Lsfr0                   sfr0         0000
__Lsfr1                   sfr1         0000
__Lsfr2                   sfr2         0000
__Lsfr3                   sfr3         0000
__Lspace_0                (abs)        0000
__Lspace_1                (abs)        0000
__Lspace_2                (abs)        0000
__Lspace_3                (abs)        0000
__Lspace_4                (abs)        0000
__Lstack                  stack        0000
__Lstrings                strings      0000
__Ltext                   text         0000
__S0                      (abs)        0800
__S1                      (abs)        007E
__S3                      (abs)        0000
___int_sp                 stack        0000
___latbits                (abs)        0000
___lldiv                  text7        05F6
___lldiv@counter          cstackCOMMON 007D
___lldiv@dividend         cstackCOMMON 0074
___lldiv@divisor          cstackCOMMON 0070
___lldiv@quotient         cstackCOMMON 0079
___lwdiv                  text4        056D
___lwdiv@counter          cstackCOMMON 0077
___lwdiv@dividend         cstackCOMMON 0072
___lwdiv@divisor          cstackCOMMON 0070
___lwdiv@quotient         cstackCOMMON 0075
___lwmod                  text3        04F1
___lwmod@counter          cstackCOMMON 0075
___lwmod@dividend         cstackCOMMON 0072
___lwmod@divisor          cstackCOMMON 0070
___sp                     stack        0000
___stackhi                (abs)        0000
___stacklo                (abs)        0000
__end_of_UARTDataReady    text12       04A1
__end_of_UARTInit         text6        072A
__end_of_UARTReadChar     text11       04AB
__end_of_UARTReadString   text10       056D
__end_of_UARTSendChar     text9        04B7
__end_of_UARTSendString   text8        05F6
__end_of___lldiv          text7        065C
__end_of___lwdiv          text4        05B1
__end_of___lwmod          text3        052B
__end_of__initialization  cinit        07FE
__end_of__stringtab       strings      0011
__end_of_init             text5        04CF
__end_of_itoa             text1        04F1
__end_of_main             maintext     07FE
__end_of_utoa             text2        06C2
__initialization          cinit        07FE
__pcstackBANK0            cstackBANK0  0020
__pcstackCOMMON           cstackCOMMON 0070
__pmaintext               maintext     072A
__pstrings                strings      0001
__ptext1                  text1        04CF
__ptext10                 text10       052B
__ptext11                 text11       04A1
__ptext12                 text12       049A
__ptext2                  text2        065C
__ptext3                  text3        04F1
__ptext4                  text4        056D
__ptext5                  text5        04B7
__ptext6                  text6        06C2
__ptext7                  text7        05F6
__ptext8                  text8        05B1
__ptext9                  text9        04AB
__stringbase              strings      0010
__stringtab               strings      0001
_init                     text5        04B7
_itoa                     text1        04CF
_main                     maintext     072A
_utoa                     text2        065C
btemp                     (abs)        007E
end_of_initialization     cinit        07FE
intlevel0                 functab      0000
intlevel1                 functab      0000
intlevel2                 functab      0000
intlevel3                 functab      0000
intlevel4                 functab      0000
intlevel5                 functab      0000
itoa@base                 cstackBANK0  0026
itoa@buf                  cstackBANK0  0028
itoa@val                  cstackBANK0  0024
main@letra                cstackBANK0  0044
main@nRead                cstackBANK0  0045
main@readBuf              cstackBANK0  002C
main@tmpBuf               cstackBANK0  003C
reset_vec                 reset_vec    0000
start                     init         0000
start_initialization      cinit        07FE
utoa@base                 cstackCOMMON 007A
utoa@buf                  cstackBANK0  0023
utoa@c                    cstackBANK0  0022
utoa@v                    cstackBANK0  0020
utoa@val                  cstackCOMMON 0078
wtemp0                    (abs)        007E


MODULE INFORMATION

Module		Function		Class		Link	Load	Size
UART.c
		_UARTSendString		CODE           	05B1	0000	69
		_UARTDataReady 		CODE           	049A	0000	7
		_UARTInit      		CODE           	06C2	0000	104
		_UARTReadChar  		CODE           	04A1	0000	10
		_UARTSendChar  		CODE           	04AB	0000	12
		_UARTReadString		CODE           	052B	0000	66

UART.c estimated size: 268

C:\Program Files\Microchip\xc8\v2.36\pic\sources\c90\common\lwmod.c
		___lwmod       		CODE           	04F1	0000	58

C:\Program Files\Microchip\xc8\v2.36\pic\sources\c90\common\lwmod.c estimated size: 58

C:\Program Files\Microchip\xc8\v2.36\pic\sources\c90\common\lwdiv.c
		___lwdiv       		CODE           	056D	0000	68

C:\Program Files\Microchip\xc8\v2.36\pic\sources\c90\common\lwdiv.c estimated size: 68

C:\Program Files\Microchip\xc8\v2.36\pic\sources\c90\common\__lldiv.c
		___lldiv       		CODE           	05F6	0000	102

C:\Program Files\Microchip\xc8\v2.36\pic\sources\c90\common\__lldiv.c estimated size: 102

shared
		__stringtab    		STRING         	0001	0000	16
		__initialization		CODE           	07FE	0000	1

shared estimated size: 17

C:\Program Files\Microchip\xc8\v2.36\pic\sources\c90\common\itoa.c
		_itoa          		CODE           	04CF	0000	34
		_utoa          		CODE           	065C	0000	102

C:\Program Files\Microchip\xc8\v2.36\pic\sources\c90\common\itoa.c estimated size: 136

main.c
		_init          		CODE           	04B7	0000	24
		_main          		CODE           	072A	0000	212

main.c estimated size: 236

