Microchip MPLAB XC8 Compiler V2.36

Linker command line:

-W-3 --edf=C:\Program Files\Microchip\xc8\v2.36\pic\dat\en_msgs.txt -cn \
  -h+dist/default/production\DetectoDeFrutasVer3.X.production.sym \
  --cmf=dist/default/production\DetectoDeFrutasVer3.X.production.cmf -z \
  -Q16F628A -oC:\Users\tomas\AppData\Local\Temp\xcAs7dc.4 \
  --defsym=__MPLAB_BUILD=1 \
  -Mdist/default/production/DetectoDeFrutasVer3.X.production.map \
  --md=C:\Users\tomas\AppData\Local\Temp\xcAs7dc.dat -E1 -ver=XC8 Compiler \
  -ACODE=00h-07FFh -ASTRCODE=00h-07FFh -ASTRING=00h-0FFhx8 \
  -ACONST=00h-0FFhx8 -AENTRY=00h-0FFhx8 -ACOMMON=070h-07Fh \
  -ABANK0=020h-06Fh -ABANK1=0A0h-0EFh -ABANK2=0120h-014Fh \
  -ARAM=020h-06Fh,0A0h-0EFh,0120h-014Fh \
  -AABS1=020h-07Fh,0A0h-0EFh,0120h-014Fh -ASFR0=00h-01Fh -ASFR1=080h-09Fh \
  -ASFR2=0100h-011Fh -ASFR3=0180h-01EFh -ACONFIG=02007h-02007h -DCONFIG=2 \
  -AIDLOC=02000h-02003h -DIDLOC=2 -AEEDATA=00h-07Fh/02100h \
  -peeprom_data=EEDATA -DEEDATA=2 -DCODE=2 -DSTRCODE=2 -DSTRING=2 -DCONST=2 \
  -DENTRY=2 -preset_vec=00h,intentry=04h,init,end_init -ppowerup=CODE \
  -pcinit=CODE -pfunctab=ENTRY -k \
  C:\Users\tomas\AppData\Local\Temp\xcAs7dc.o \
  dist/default/production\DetectoDeFrutasVer3.X.production.o 

Object code version is 3.11

Machine type is 16F628A



                Name                               Link     Load   Length Selector   Space Scale
C:\Users\tomas\AppData\Local\Temp\xcAs7dc.o
                end_init                              A        A        1        8       0
                reset_vec                             0        0        1        0       0
                config                             2007     2007        1        0       4
                idloc                              2000     2000        4        0       5
dist/default/production\DetectoDeFrutasVer3.X.production.o
                cinit                                 B        B        D        8       0
                intentry                              4        4        6        8       0
                config                             2007     2007        1        0       4
                idloc                              2000     2000        4        0       5
                text14                              46D      46D       33        8       0
                text13                              50B      50B       10        8       0
                text12                              51B      51B        D        8       0
                text11                              540      540        B      A68       0
                text10                              534      534        C      A68       0
                text9                               4CD      4CD       28        8       0
                text8                               321      321       7C        8       0
                text7                               1D7      1D7       BE        8       0
                text6                                18       18       E1        8       0
                text5                               295      295       8C        8       0
                text4                               4F5      4F5       16        8       0
                text3                               405      405       68        8       0
                text2                               39D      39D       68        8       0
                text1                               4A0      4A0       2D        8       0
                maintext                             F9       F9       DE        8       0
                cstackBANK0                          20       20       22       20       1
                cstackCOMMON                         70       70        A       70       1
                clrtext                             54B      54B        8      A68       0
                dataBANK0                            51       51        2       20       1
                bssBANK0                             42       42        F       20       1
                bssCOMMON                            7A       7A        2       70       1
                strings                             528      528        C      A50       0
                idataBANK0                          553      553        2      A68       0

TOTAL           Name                               Link     Load   Length     Space
        CLASS   CODE           
                end_init                              A        A        1         0
                cinit                                 B        B        D         0
                intentry                              4        4        6         0
                reset_vec                             0        0        1         0
                text14                              46D      46D       33         0
                text13                              50B      50B       10         0
                text12                              51B      51B        D         0
                text11                              540      540        B         0
                text10                              534      534        C         0
                text9                               4CD      4CD       28         0
                text8                               321      321       7C         0
                text7                               1D7      1D7       BE         0
                text6                                18       18       E1         0
                text5                               295      295       8C         0
                text4                               4F5      4F5       16         0
                text3                               405      405       68         0
                text2                               39D      39D       68         0
                text1                               4A0      4A0       2D         0
                maintext                             F9       F9       DE         0
                clrtext                             54B      54B        8         0
                idataBANK0                          553      553        2         0

        CLASS   STRCODE        

        CLASS   STRING         
                strings                             528      528        C         0

        CLASS   CONST          

        CLASS   ENTRY          

        CLASS   COMMON         
                cstackCOMMON                         70       70        A         1
                bssCOMMON                            7A       7A        2         1

        CLASS   BANK0          
                cstackBANK0                          20       20       22         1
                dataBANK0                            51       51        2         1
                bssBANK0                             42       42        F         1

        CLASS   BANK1          

        CLASS   BANK2          

        CLASS   RAM            

        CLASS   ABS1           
                abs_s1                               7E       7E        2         1

        CLASS   SFR0           

        CLASS   SFR1           

        CLASS   SFR2           

        CLASS   SFR3           

        CLASS   CONFIG         
                config                             2007     2007        1         4

        CLASS   IDLOC          
                idloc                              2000     2000        4         5

        CLASS   EEDATA         

        CLASS   BANK3          

        CLASS   STACK          



SEGMENTS        Name                           Load    Length   Top    Selector   Space  Class     Delta

                reset_vec                      000000  000001  000001         0       0  CODE        2
                intentry                       000004  000524  000528         8       0  CODE        2
                cstackBANK0                    000020  000033  000053        20       1  BANK0       1
                cstackCOMMON                   000070  00000C  00007C        70       1  COMMON      1
                strings                        000528  00000C  000534       A50       0  STRING      2
                text10                         000534  000021  000555       A68       0  CODE        2


UNUSED ADDRESS RANGES

        Name                Unused          Largest block    Delta
        BANK0            0053-006F             1D           1
        BANK1            00A0-00EF             50           1
        BANK2            0120-014F             30           1
        CODE             0001-0003              3           2
                         0555-07FF            2AB
        COMMON           007C-007D              2           1
        CONST            0001-0003              3           2
                         0555-07FF            100
        EEDATA           2100-217F             80           2
        ENTRY            0001-0003              3           2
                         0555-07FF            100
        RAM              0053-006F             1D           1
                         00A0-00EF             50
                         0120-014F             30
        SFR0             0000-001F             20           1
        SFR1             0080-009F             20           1
        SFR2             0100-011F             20           1
        SFR3             0180-01EF             70           1
        STRCODE          0001-0003              3           2
                         0555-07FF            2AB
        STRING           0001-0003              3           2
                         0555-07FF            100

                                  Symbol Table

?_UARTDataReady           cstackCOMMON 0072
?___ftdiv                 cstackBANK0  0020
?___ftmul                 cstackBANK0  0024
?___ftpack                cstackCOMMON 0072
?___fttol                 cstackBANK0  0030
?___lldiv                 cstackCOMMON 0072
?___lwtoft                cstackBANK0  0020
UARTInit@BRGH             cstackBANK0  002A
UARTInit@baud_rate        cstackBANK0  0026
UARTSendChar@c            cstackCOMMON 0072
UARTSendString@i          cstackCOMMON 0076
UARTSendString@max_length cstackCOMMON 0073
UARTSendString@str        cstackCOMMON 0075
_CCP1CON                  (abs)        0017
_CCPR1H                   (abs)        0016
_CCPR1L                   (abs)        0015
_CMCONbits                (abs)        001F
_INTCON                   (abs)        000B
_INTCONbits               (abs)        000B
_OPTION_REGbits           (abs)        0081
_PIE1bits                 (abs)        008C
_PIR1bits                 (abs)        000C
_PORTAbits                (abs)        0005
_PORTB                    (abs)        0006
_PORTBbits                (abs)        0006
_RCREG                    (abs)        001A
_RCSTAbits                (abs)        0018
_SPBRG                    (abs)        0099
_Servo_Init               text13       050B
_T1CON                    (abs)        0010
_T1CONbits                (abs)        0010
_TMR0                     (abs)        0001
_TMR0_ISR                 text14       046D
_TMR1H                    (abs)        000F
_TMR1L                    (abs)        000E
_TRISAbits                (abs)        0085
_TRISBbits                (abs)        0086
_TXREG                    (abs)        0019
_TXSTAbits                (abs)        0098
_UARTDataReady            text12       051B
_UARTInit                 text2        039D
_UARTReadChar             text11       0540
_UARTSendChar             text10       0534
_UARTSendString           text9        04CD
__Habs1                   abs1         0000
__Hbank0                  bank0        0000
__Hbank1                  bank1        0000
__Hbank2                  bank2        0000
__Hbank3                  bank3        0000
__HbssBANK0               bssBANK0     0000
__HbssCOMMON              bssCOMMON    0000
__Hcinit                  cinit        0018
__Hclrtext                clrtext      0000
__Hcode                   code         0000
__Hcommon                 common       0000
__Hconfig                 config       2008
__HcstackBANK0            cstackBANK0  0000
__HcstackCOMMON           cstackCOMMON 0000
__HdataBANK0              dataBANK0    0000
__Heeprom_data            eeprom_data  0000
__Hend_init               end_init     000B
__Hfunctab                functab      0000
__HidataBANK0             idataBANK0   0000
__Hidloc                  idloc        2004
__Hinit                   init         000A
__Hintentry               intentry     000A
__Hmaintext               maintext     0000
__Hpowerup                powerup      0000
__Hram                    ram          0000
__Hreset_vec              reset_vec    0001
__Hsfr0                   sfr0         0000
__Hsfr1                   sfr1         0000
__Hsfr2                   sfr2         0000
__Hsfr3                   sfr3         0000
__Hspace_0                (abs)        0555
__Hspace_1                (abs)        007C
__Hspace_2                (abs)        0000
__Hspace_3                (abs)        0000
__Hspace_4                (abs)        400F
__Hstack                  stack        0000
__Hstrings                strings      0000
__Htext                   text         0000
__Labs1                   abs1         0000
__Lbank0                  bank0        0000
__Lbank1                  bank1        0000
__Lbank2                  bank2        0000
__Lbank3                  bank3        0000
__LbssBANK0               bssBANK0     0000
__LbssCOMMON              bssCOMMON    0000
__Lcinit                  cinit        000B
__Lclrtext                clrtext      0000
__Lcode                   code         0000
__Lcommon                 common       0000
__Lconfig                 config       0000
__LcstackBANK0            cstackBANK0  0000
__LcstackCOMMON           cstackCOMMON 0000
__LdataBANK0              dataBANK0    0000
__Leeprom_data            eeprom_data  0000
__Lend_init               end_init     000A
__Lfunctab                functab      0000
__LidataBANK0             idataBANK0   0000
__Lidloc                  idloc        0000
__Linit                   init         000A
__Lintentry               intentry     0004
__Lmaintext               maintext     0000
__Lpowerup                powerup      0000
__Lram                    ram          0000
__Lreset_vec              reset_vec    0000
__Lsfr0                   sfr0         0000
__Lsfr1                   sfr1         0000
__Lsfr2                   sfr2         0000
__Lsfr3                   sfr3         0000
__Lspace_0                (abs)        0000
__Lspace_1                (abs)        0000
__Lspace_2                (abs)        0000
__Lspace_3                (abs)        0000
__Lspace_4                (abs)        0000
__Lstack                  stack        0000
__Lstrings                strings      0000
__Ltext                   text         0000
__S0                      (abs)        0555
__S1                      (abs)        007C
__S3                      (abs)        0000
___ftdiv                  text7        01D7
___ftdiv@cntr             cstackBANK0  002A
___ftdiv@exp              cstackBANK0  002E
___ftdiv@f1               cstackBANK0  0023
___ftdiv@f2               cstackBANK0  0020
___ftdiv@f3               cstackBANK0  002B
___ftdiv@sign             cstackBANK0  002F
___ftmul                  text6        0018
___ftmul@cntr             cstackBANK0  0032
___ftmul@exp              cstackBANK0  002E
___ftmul@f1               cstackBANK0  0024
___ftmul@f2               cstackBANK0  0027
___ftmul@f3_as_product    cstackBANK0  002F
___ftmul@sign             cstackBANK0  0033
___ftpack                 text8        0321
___ftpack@arg             cstackCOMMON 0072
___ftpack@exp             cstackCOMMON 0075
___ftpack@sign            cstackCOMMON 0076
___fttol                  text5        0295
___fttol@exp1             cstackBANK0  003D
___fttol@f1               cstackBANK0  0030
___fttol@lval             cstackBANK0  0039
___fttol@sign1            cstackBANK0  0038
___int_sp                 stack        0000
___latbits                (abs)        0000
___lldiv                  text3        0405
___lldiv@counter          cstackBANK0  0025
___lldiv@dividend         cstackCOMMON 0076
___lldiv@divisor          cstackCOMMON 0072
___lldiv@quotient         cstackBANK0  0021
___lwtoft                 text4        04F5
___lwtoft@c               cstackBANK0  0020
___sp                     stack        0000
___stackhi                (abs)        0000
___stacklo                (abs)        0000
__end_of_Servo_Init       text13       051B
__end_of_TMR0_ISR         text14       04A0
__end_of_UARTDataReady    text12       0528
__end_of_UARTInit         text2        0405
__end_of_UARTReadChar     text11       054B
__end_of_UARTSendChar     text10       0540
__end_of_UARTSendString   text9        04F5
__end_of___ftdiv          text7        0295
__end_of___ftmul          text6        00F9
__end_of___ftpack         text8        039D
__end_of___fttol          text5        0321
__end_of___lldiv          text3        046D
__end_of___lwtoft         text4        050B
__end_of__initialization  cinit        0016
__end_of__stringtab       strings      052E
__end_of_init             text1        04CD
__end_of_main             maintext     01D7
__initialization          cinit        000B
__pbssBANK0               bssBANK0     0042
__pbssCOMMON              bssCOMMON    007A
__pcstackBANK0            cstackBANK0  0020
__pcstackCOMMON           cstackCOMMON 0070
__pdataBANK0              dataBANK0    0051
__pidataBANK0             idataBANK0   0553
__pintentry               intentry     0004
__pmaintext               maintext     00F9
__pstrings                strings      0528
__ptext1                  text1        04A0
__ptext10                 text10       0534
__ptext11                 text11       0540
__ptext12                 text12       051B
__ptext13                 text13       050B
__ptext14                 text14       046D
__ptext2                  text2        039D
__ptext3                  text3        0405
__ptext4                  text4        04F5
__ptext5                  text5        0295
__ptext6                  text6        0018
__ptext7                  text7        01D7
__ptext8                  text8        0321
__ptext9                  text9        04CD
__stringbase              strings      052D
__stringtab               strings      0528
_cont_sr                  bssCOMMON    007A
_frecuencia               dataBANK0    0051
_in                       bssBANK0     004A
_init                     text1        04A0
_main                     maintext     00F9
_periodo                  bssBANK0     004E
_valor_pasos              bssBANK0     004C
btemp                     (abs)        007E
clear_ram0                clrtext      054B
end_of_initialization     cinit        0016
interrupt_function        intentry     0004
intlevel0                 functab      0000
intlevel1                 functab      0000
intlevel2                 functab      0000
intlevel3                 functab      0000
intlevel4                 functab      0000
intlevel5                 functab      0000
main@letra                cstackBANK0  0041
reset_vec                 reset_vec    0000
saved_w                   (abs)        007E
start                     init         000A
start_initialization      cinit        000B
wtemp0                    (abs)        007E


MODULE INFORMATION

Module		Function		Class		Link	Load	Size
servo.c
		_Servo_Init    		CODE           	050B	0000	16

servo.c estimated size: 16

C:\Program Files\Microchip\xc8\v2.36\pic\sources\c90\common\float.c
		___ftpack      		CODE           	0321	0000	124

C:\Program Files\Microchip\xc8\v2.36\pic\sources\c90\common\float.c estimated size: 124

C:\Program Files\Microchip\xc8\v2.36\pic\sources\c90\common\lwtoft.c
		___lwtoft      		CODE           	04F5	0000	22

C:\Program Files\Microchip\xc8\v2.36\pic\sources\c90\common\lwtoft.c estimated size: 22

UART.c
		_UARTSendString		CODE           	04CD	0000	40
		_UARTDataReady 		CODE           	051B	0000	13
		_UARTInit      		CODE           	039D	0000	104
		_UARTReadChar  		CODE           	0540	0000	11
		_UARTSendChar  		CODE           	0534	0000	12

UART.c estimated size: 180

C:\Program Files\Microchip\xc8\v2.36\pic\sources\c90\common\ftmul.c
		___ftmul       		CODE           	0018	0000	225

C:\Program Files\Microchip\xc8\v2.36\pic\sources\c90\common\ftmul.c estimated size: 225

C:\Program Files\Microchip\xc8\v2.36\pic\sources\c90\common\ftdiv.c
		___ftdiv       		CODE           	01D7	0000	190

C:\Program Files\Microchip\xc8\v2.36\pic\sources\c90\common\ftdiv.c estimated size: 190

C:\Program Files\Microchip\xc8\v2.36\pic\sources\c90\common\__lldiv.c
		___lldiv       		CODE           	0405	0000	104

C:\Program Files\Microchip\xc8\v2.36\pic\sources\c90\common\__lldiv.c estimated size: 104

C:\Program Files\Microchip\xc8\v2.36\pic\sources\c90\common\fttol.c
		___fttol       		CODE           	0295	0000	140

C:\Program Files\Microchip\xc8\v2.36\pic\sources\c90\common\fttol.c estimated size: 140

shared
		__stringtab    		STRING         	0528	0000	6
		__initialization		CODE           	000B	0000	11

shared estimated size: 17

main.c
		_init          		CODE           	04A0	0000	45
		_main          		CODE           	00F9	0000	222
		_TMR0_ISR      		CODE           	046D	0000	51

main.c estimated size: 318

