Microchip MPLAB XC8 Compiler V2.36

Linker command line:

-W-3 --edf=C:\Program Files\Microchip\xc8\v2.36\pic\dat\en_msgs.txt -cn \
  -h+.ca/dist/Config_2/production\DetectoDeFrutasVer3.X.production.sym \
  --cmf=.ca/dist/Config_2/production\DetectoDeFrutasVer3.X.production.cmf \
  -z -w9 --disl=596:off --norlf -Q16F628A \
  -oC:\Users\tomas\AppData\Local\Temp\xcAskv8.4 --defsym=__MPLAB_BUILD=1 \
  -M.ca/dist/Config_2/production/DetectoDeFrutasVer3.X.production.map \
  --md=C:\Users\tomas\AppData\Local\Temp\xcAskv8.dat -E1 -ver=XC8 Compiler \
  --acfsm=1493 -ACODE=00h-07FFh -ASTRCODE=00h-07FFh -ASTRING=00h-0FFhx8 \
  -ACONST=00h-0FFhx8 -AENTRY=00h-0FFhx8 -ACOMMON=070h-07Fh \
  -ABANK0=020h-06Fh -ABANK1=0A0h-0EFh -ABANK2=0120h-014Fh \
  -ARAM=020h-06Fh,0A0h-0EFh,0120h-014Fh \
  -AABS1=020h-07Fh,0A0h-0EFh,0120h-014Fh -ASFR0=00h-01Fh -ASFR1=080h-09Fh \
  -ASFR2=0100h-011Fh -ASFR3=0180h-01EFh -ACONFIG=02007h-02007h -DCONFIG=2 \
  -AIDLOC=02000h-02003h -DIDLOC=2 -AEEDATA=00h-07Fh/02100h \
  -peeprom_data=EEDATA -DEEDATA=2 -DCODE=2 -DSTRCODE=2 -DSTRING=2 -DCONST=2 \
  -DENTRY=2 -preset_vec=00h,intentry=04h,init,end_init -ppowerup=CODE \
  -pcinit=CODE -pfunctab=ENTRY -k \
  C:\Users\tomas\AppData\Local\Temp\xcAskv8.o \
  .ca/dist/Config_2/production\DetectoDeFrutasVer3.X.production.o 

Object code version is 3.11

Machine type is 16F628A



                Name                               Link     Load   Length Selector   Space Scale
C:\Users\tomas\AppData\Local\Temp\xcAskv8.o
                end_init                              E        E        2        8       0
                reset_vec                             0        0        1        0       0
                config                             2007     2007        1        0       4
                idloc                              2000     2000        4        0       5
.ca/dist/Config_2/production\DetectoDeFrutasVer3.X.production.o
                cinit                                10       10        7        8       0
                intentry                              4        4        A        8       0
                config                             2007     2007        1        0       4
                idloc                              2000     2000        4        0       5
                text17                              2E8      2E8      1A7        8       0
                text16                                0        0       23        0       0
                text15                               17       17      2D1        8       0
                text14                              669      669       6B        8       0
                text13                              550      550       A3        8       0
                text12                              5F3      5F3       76        8       0
                text11                              790      790       59        8       0
                text10                               23       23       21        0       0
                text9                                44       44       1E        0       0
                text8                               7E9      7E9       11        8       0
                text7                                62       62        E        0       0
                text6                                70       70        8        0       0
                text5                                78       78        7        0       0
                text4                                7F       7F       26        0       0
                text3                               732      732       5E        8       0
                text2                               6D4      6D4       5E        8       0
                text1                                A5       A5       28        0       0
                maintext                            48F      48F       C1        8       0
                cstackBANK0                          20       20       1F       20       1
                cstackCOMMON                         70       70        E       70       1
                cstackBANK1                          A0       A0       1F       A0       1
                clrtext                              CD       CD        8        0       0
                bssBANK0                             3F       3F       12       20       1
                strings                              D5       D5        9        0       0

TOTAL           Name                               Link     Load   Length     Space
        CLASS   CODE           
                end_init                              E        E        2         0
                cinit                                10       10        7         0
                intentry                              4        4        A         0
                reset_vec                             0        0        1         0
                text17                              2E8      2E8      1A7         0
                text16                                0        0       23         0
                text15                               17       17      2D1         0
                text14                              669      669       6B         0
                text13                              550      550       A3         0
                text12                              5F3      5F3       76         0
                text11                              790      790       59         0
                text10                               23       23       21         0
                text9                                44       44       1E         0
                text8                               7E9      7E9       11         0
                text7                                62       62        E         0
                text6                                70       70        8         0
                text5                                78       78        7         0
                text4                                7F       7F       26         0
                text3                               732      732       5E         0
                text2                               6D4      6D4       5E         0
                text1                                A5       A5       28         0
                maintext                            48F      48F       C1         0
                clrtext                              CD       CD        8         0

        CLASS   STRCODE        

        CLASS   STRING         
                strings                              D5       D5        9         0

        CLASS   CONST          

        CLASS   ENTRY          

        CLASS   COMMON         
                cstackCOMMON                         70       70        E         1

        CLASS   BANK0          
                cstackBANK0                          20       20       1F         1
                bssBANK0                             3F       3F       12         1

        CLASS   BANK1          
                cstackBANK1                          A0       A0       1F         1

        CLASS   BANK2          

        CLASS   RAM            

        CLASS   ABS1           
                abs_s1                               7E       7E        2         1

        CLASS   SFR0           

        CLASS   SFR1           

        CLASS   SFR2           

        CLASS   SFR3           

        CLASS   CONFIG         
                config                             2007     2007        1         4

        CLASS   IDLOC          
                idloc                              2000     2000        4         5

        CLASS   EEDATA         

        CLASS   BANK3          

        CLASS   STACK          



SEGMENTS        Name                           Load    Length   Top    Selector   Space  Class     Delta

                reset_vec                      000000  000001  000001         0       0  CODE        2
                intentry                       000004  0007F6  0007FA         8       0  CODE        2
                cstackBANK0                    000020  000031  000051        20       1  BANK0       1
                cstackCOMMON                   000070  00000E  00007E        70       1  COMMON      1
                cstackBANK1                    0000A0  00001F  0000BF        A0       1  BANK1       1


UNUSED ADDRESS RANGES

        Name                Unused          Largest block    Delta
        BANK0            0051-006F             1F           1
        BANK1            00BF-00EF             31           1
        BANK2            0120-014F             30           1
        CODE             07FA-07FF              6           2
        CONST            07FA-07FF              6           2
        EEDATA           2100-217F             80           2
        ENTRY            07FA-07FF              6           2
        RAM              0051-006F             1F           1
                         00BF-00EF             31
                         0120-014F             30
        SFR0             0000-001F             20           1
        SFR1             0080-009F             20           1
        SFR2             0100-011F             20           1
        SFR3             0180-01EF             70           1
        STRCODE          07FA-07FF              6           2
        STRING           07FA-07FF              6           2

                                  Symbol Table

__Habs1                   abs1         0000
__Hbank0                  bank0        0000
__Hbank1                  bank1        0000
__Hbank2                  bank2        0000
__Hbank3                  bank3        0000
__Hclrtext                clrtext      0000
__Hcode                   code         0000
__Hcommon                 common       0000
__Heeprom_data            eeprom_data  0000
__Hfunctab                functab      0000
__Hmaintext               maintext     0000
__Hpowerup                powerup      0000
__Hram                    ram          0000
__Hsfr0                   sfr0         0000
__Hsfr1                   sfr1         0000
__Hsfr2                   sfr2         0000
__Hsfr3                   sfr3         0000
__Hspace_2                (abs)        0000
__Hspace_3                (abs)        0000
__Hstack                  stack        0000
__Hstrings                strings      0000
__Htext                   text         0000
__Labs1                   abs1         0000
__Lbank0                  bank0        0000
__Lbank1                  bank1        0000
__Lbank2                  bank2        0000
__Lbank3                  bank3        0000
__Lclrtext                clrtext      0000
__Lcode                   code         0000
__Lcommon                 common       0000
__Lconfig                 config       0000
__Leeprom_data            eeprom_data  0000
__Lfunctab                functab      0000
__Lidloc                  idloc        0000
__Lmaintext               maintext     0000
__Lpowerup                powerup      0000
__Lram                    ram          0000
__Lreset_vec              reset_vec    0000
__Lsfr0                   sfr0         0000
__Lsfr1                   sfr1         0000
__Lsfr2                   sfr2         0000
__Lsfr3                   sfr3         0000
__Lspace_0                (abs)        0000
__Lspace_1                (abs)        0000
__Lspace_2                (abs)        0000
__Lspace_3                (abs)        0000
__Lspace_4                (abs)        0000
__Lstack                  stack        0000
__Lstrings                strings      0000
__Ltext                   text         0000
__S3                      (abs)        0000
__Umul8_16                text16       0000
___int_sp                 stack        0000
___latbits                (abs)        0000
___sp                     stack        0000
___stackhi                (abs)        0000
___stacklo                (abs)        0000
__ptext16                 text16       0000
intlevel0                 functab      0000
intlevel1                 functab      0000
intlevel2                 functab      0000
intlevel3                 functab      0000
intlevel4                 functab      0000
intlevel5                 functab      0000
reset_vec                 reset_vec    0000
_TMR0                     (abs)        0001
__Hreset_vec              reset_vec    0001
_PORTAbits                (abs)        0005
_PORTB                    (abs)        0006
_PORTBbits                (abs)        0006
__Lintentry               intentry     0004
__pintentry               intentry     0004
_INTCON                   (abs)        000B
_INTCONbits               (abs)        000B
_PIR1bits                 (abs)        000C
_TMR1L                    (abs)        000E
_TMR1H                    (abs)        000F
_T1CON                    (abs)        0010
_T1CONbits                (abs)        0010
_CCPR1L                   (abs)        0015
_CCPR1H                   (abs)        0016
_CCP1CON                  (abs)        0017
_RCSTAbits                (abs)        0018
_TXREG                    (abs)        0019
_RCREG                    (abs)        001A
__Hinit                   init         000E
__Hintentry               intentry     000E
__Lend_init               end_init     000E
__Linit                   init         000E
_CMCONbits                (abs)        001F
?___flmul                 cstackBANK0  0020
__Hend_init               end_init     0010
__Lcinit                  cinit        0010
___fldiv@rem              cstackBANK0  0020
___flmul@b                cstackBANK0  0020
__initialization          cinit        0010
__pcstackBANK0            cstackBANK0  0020
___fldiv@sign             cstackBANK0  0024
___flmul@a                cstackBANK0  0024
___fldiv@new_exp          cstackBANK0  0025
___fldiv@grs              cstackBANK0  0027
__end_of__initialization  cinit        0015
___fldiv@bexp             cstackBANK0  002B
___fldiv@aexp             cstackBANK0  002C
?___fltol                 cstackBANK0  002D
___flmul@sign             cstackBANK0  002D
___fltol@f1               cstackBANK0  002D
__Hcinit                  cinit        0017
___flmul                  text15       0017
___flmul@aexp             cstackBANK0  002E
__ptext15                 text15       0017
___flmul@grs              cstackBANK0  002F
___flmul@bexp             cstackBANK0  0033
___flmul@prod             cstackBANK0  0034
___fltol@sign1            cstackBANK0  0036
___fltol@exp1             cstackBANK0  0037
___flmul@temp             cstackBANK0  0038
__pbssBANK0               bssBANK0     003F
_data_s                   bssBANK0     003F
___wmul                   text10       0023
__end_of__Umul8_16        text16       0023
__ptext10                 text10       0023
_frecuencia               bssBANK0     0047
_valor_pasos              bssBANK0     0049
_cont_sr                  bssBANK0     004B
_periodo                  bssBANK0     004D
?__Umul8_16               cstackCOMMON 0070
?___fldiv                 cstackCOMMON 0070
?___xxtofl                cstackCOMMON 0070
__Umul8_16@multiplicand   cstackCOMMON 0070
___fldiv@a                cstackCOMMON 0070
___xxtofl@val             cstackCOMMON 0070
__pcstackCOMMON           cstackCOMMON 0070
__Umul8_16@product        cstackCOMMON 0074
___fldiv@b                cstackCOMMON 0074
__Umul8_16@word_mpld      cstackCOMMON 0076
__Umul8_16@multiplier     cstackCOMMON 0078
___xxtofl@sign            cstackCOMMON 0078
___xxtofl@exp             cstackCOMMON 0079
___xxtofl@arg             cstackCOMMON 007A
_OPTION_REGbits           (abs)        0081
_TRISAbits                (abs)        0085
_TRISBbits                (abs)        0086
_Servo_8_Write            text9        0044
__end_of___wmul           text10       0044
__ptext9                  text9        0044
_PIE1bits                 (abs)        008C
_TXSTAbits                (abs)        0098
_SPBRG                    (abs)        0099
?_UARTDataReady           cstackBANK1  00A0
?___lldiv                 cstackBANK1  00A0
?___wmul                  cstackBANK1  00A0
UARTSendChar@c            cstackBANK1  00A0
___lldiv@divisor          cstackBANK1  00A0
___wmul@multiplier        cstackBANK1  00A0
__pcstackBANK1            cstackBANK1  00A0
UARTSendString@max_length cstackBANK1  00A1
___wmul@multiplicand      cstackBANK1  00A2
UARTSendString@str        cstackBANK1  00A3
UARTSendString@i          cstackBANK1  00A4
___lldiv@dividend         cstackBANK1  00A4
___wmul@product           cstackBANK1  00A4
?___awdiv                 cstackBANK1  00A6
___awdiv@divisor          cstackBANK1  00A6
___awdiv@dividend         cstackBANK1  00A8
___lldiv@quotient         cstackBANK1  00A9
___awdiv@counter          cstackBANK1  00AB
___awdiv@sign             cstackBANK1  00AC
___awdiv@quotient         cstackBANK1  00AD
___lldiv@counter          cstackBANK1  00AD
UARTInit@baud_rate        cstackBANK1  00AE
Servo_8_Write@ang         cstackBANK1  00B2
UARTInit@BRGH             cstackBANK1  00B2
__Hspace_1                (abs)        00BF
__S1                      (abs)        00BF
_UARTDataReady            text7        0062
__end_of_Servo_8_Write    text9        0062
__ptext7                  text7        0062
_UARTReadChar             text6        0070
__end_of_UARTDataReady    text7        0070
__ptext6                  text6        0070
_UARTSendChar             text5        0078
__end_of_UARTReadChar     text6        0078
__ptext5                  text5        0078
_UARTSendString           text4        007F
__end_of_UARTSendChar     text5        007F
__ptext4                  text4        007F
__end_of_UARTSendString   text4        00A5
__ptext1                  text1        00A5
_init                     text1        00A5
__HcstackBANK0            cstackBANK0  019A
__HcstackBANK1            cstackBANK1  019A
__HcstackCOMMON           cstackCOMMON 019A
__LcstackBANK0            cstackBANK0  019A
__LcstackBANK1            cstackBANK1  019A
__LcstackCOMMON           cstackCOMMON 019A
__end_of_init             text1        00CD
__HbssBANK0               bssBANK0     01AA
__LbssBANK0               bssBANK0     01AA
__pstrings                strings      00D5
__stringtab               strings      00D5
__stringbase              strings      00DA
__end_of__stringtab       strings      00DB
___fldiv                  text17       02E8
__end_of___flmul          text15       02E8
__ptext17                 text17       02E8
__Hspace_0                (abs)        07FA
__S0                      (abs)        07FA
__end_of___fldiv          text17       048F
__pmaintext               maintext     048F
_main                     maintext     048F
___xxtofl                 text13       0550
__end_of_main             maintext     0550
__ptext13                 text13       0550
_TMR0_ISR                 text12       05F3
__end_of___xxtofl         text13       05F3
__ptext12                 text12       05F3
___fltol                  text14       0669
__end_of_TMR0_ISR         text12       0669
__ptext14                 text14       0669
_UARTInit                 text2        06D4
__end_of___fltol          text14       06D4
__ptext2                  text2        06D4
___lldiv                  text3        0732
__end_of_UARTInit         text2        0732
__ptext3                  text3        0732
___awdiv                  text11       0790
__end_of___lldiv          text3        0790
__ptext11                 text11       0790
_Servo_Init               text8        07E9
__end_of___awdiv          text11       07E9
__ptext8                  text8        07E9
__end_of_Servo_Init       text8        07FA
__Hidloc                  idloc        2004
__Hspace_4                (abs)        400F
__Hconfig                 config       2008
btemp                     (abs)        007E
clear_ram0                clrtext      00CD
end_of_initialization     cinit        0015
interrupt_function        intentry     0004
start                     init         000E
start_initialization      cinit        0010
saved_w                   (abs)        007E
wtemp0                    (abs)        007E
main@letra                cstackBANK1  00BA
main@detect_on            cstackBANK1  00BB
main@contador             cstackBANK1  00BD
