Microchip MPLAB XC8 Compiler V2.36

Linker command line:

-W-3 --edf=C:\Program Files\Microchip\xc8\v2.36\pic\dat\en_msgs.txt -cn \
  -h+dist/default/production\USARTTX.X.production.sym \
  --cmf=dist/default/production\USARTTX.X.production.cmf -z -Q16F628A \
  -oC:\Users\tomas\AppData\Local\Temp\xcAs5kk.4 --defsym=__MPLAB_BUILD=1 \
  -Mdist/default/production/USARTTX.X.production.map \
  --md=C:\Users\tomas\AppData\Local\Temp\xcAs5kk.dat -E1 -ver=XC8 Compiler \
  --acfsm=1493 -ACODE=00h-07FFh -ASTRCODE=00h-07FFh -ASTRING=00h-0FFhx8 \
  -ACONST=00h-0FFhx8 -AENTRY=00h-0FFhx8 -ACOMMON=070h-07Fh \
  -ABANK0=020h-06Fh -ABANK1=0A0h-0EFh -ABANK2=0120h-014Fh \
  -ARAM=020h-06Fh,0A0h-0EFh,0120h-014Fh \
  -AABS1=020h-07Fh,0A0h-0EFh,0120h-014Fh -ASFR0=00h-01Fh -ASFR1=080h-09Fh \
  -ASFR2=0100h-011Fh -ASFR3=0180h-01EFh -ACONFIG=02007h-02007h -DCONFIG=2 \
  -AIDLOC=02000h-02003h -DIDLOC=2 -AEEDATA=00h-07Fh/02100h \
  -peeprom_data=EEDATA -DEEDATA=2 -DCODE=2 -DSTRCODE=2 -DSTRING=2 -DCONST=2 \
  -DENTRY=2 -preset_vec=00h,intentry,init,end_init -ppowerup=CODE \
  -pcinit=CODE -pfunctab=ENTRY -k \
  C:\Users\tomas\AppData\Local\Temp\xcAs5kk.o \
  dist/default/production\USARTTX.X.production.o 

Object code version is 3.11

Machine type is 16F628A



                Name                               Link     Load   Length Selector   Space Scale
C:\Users\tomas\AppData\Local\Temp\xcAs5kk.o
                end_init                              0        0        1        0       0
                config                             2007     2007        1        0       4
                idloc                              2000     2000        4        0       5
dist/default/production\USARTTX.X.production.o
                cinit                               7FE      7FE        2      FFC       0
                config                             2007     2007        1        0       4
                idloc                              2000     2000        4        0       5
                text4                               761      761       9D      EC2       0
                text3                               6F7      6F7       6A      DEE       0
                text2                               6C5      6C5        A      D8A       0
                text1                               6DE      6DE       19      DBC       0
                maintext                            6CF      6CF        F      D9E       0
                cstackBANK0                          20       20       16       20       1
                cstackCOMMON                         70       70        D       70       1
                strings                               1        1       14        2       0

TOTAL           Name                               Link     Load   Length     Space
        CLASS   CODE           
                end_init                              0        0        1         0
                cinit                               7FE      7FE        2         0
                text4                               761      761       9D         0
                text3                               6F7      6F7       6A         0
                text2                               6C5      6C5        A         0
                text1                               6DE      6DE       19         0
                maintext                            6CF      6CF        F         0

        CLASS   STRCODE        

        CLASS   STRING         
                strings                               1        1       14         0

        CLASS   CONST          

        CLASS   ENTRY          

        CLASS   COMMON         
                cstackCOMMON                         70       70        D         1

        CLASS   BANK0          
                cstackBANK0                          20       20       16         1

        CLASS   BANK1          

        CLASS   BANK2          

        CLASS   RAM            

        CLASS   ABS1           
                abs_s1                               7E       7E        2         1

        CLASS   SFR0           

        CLASS   SFR1           

        CLASS   SFR2           

        CLASS   SFR3           

        CLASS   CONFIG         
                config                             2007     2007        1         4

        CLASS   IDLOC          
                idloc                              2000     2000        4         5

        CLASS   EEDATA         

        CLASS   BANK3          

        CLASS   STACK          



SEGMENTS        Name                           Load    Length   Top    Selector   Space  Class     Delta

                reset_vec                      000000  000001  000001         0       0  CODE        2
                strings                        000001  000014  000015         2       0  STRING      2
                cstackBANK0                    000020  000016  000036        20       1  BANK0       1
                cstackCOMMON                   000070  00000D  00007D        70       1  COMMON      1
                text2                          0006C5  00000A  0006CF       D8A       0  CODE        2
                maintext                       0006CF  00000F  0006DE       D9E       0  CODE        2
                text1                          0006DE  000019  0006F7       DBC       0  CODE        2
                text3                          0006F7  00006A  000761       DEE       0  CODE        2
                text4                          000761  00009D  0007FE       EC2       0  CODE        2
                cinit                          0007FE  000002  000800       FFC       0  CODE        2


UNUSED ADDRESS RANGES

        Name                Unused          Largest block    Delta
        BANK0            0036-006F             3A           1
        BANK1            00A0-00EF             50           1
        BANK2            0120-014F             30           1
        CODE             0015-06C4            6B0           2
        COMMON           007D-007D              1           1
        CONST            0015-06C4            100           2
        EEDATA           2100-217F             80           2
        ENTRY            0015-06C4            100           2
        RAM              0036-006F             3A           1
                         00A0-00EF             50
                         0120-014F             30
        SFR0             0000-001F             20           1
        SFR1             0080-009F             20           1
        SFR2             0100-011F             20           1
        SFR3             0180-01EF             70           1
        STRCODE          0015-06C4            6B0           2
        STRING           0015-06C4            100           2

                                  Symbol Table

?___aldiv                cstackCOMMON 0070
Init_UART@baudrate       cstackBANK0  0026
Init_UART@x              cstackCOMMON 0079
Write_Text_UART@i        cstackCOMMON 0071
Write_Text_UART@text     cstackCOMMON 0073
Write_UART@data          cstackCOMMON 0070
_Init_UART               text3        06F7
_RCIF                    (abs)        0065
_RCREG                   (abs)        001A
_RCSTAbits               (abs)        0018
_SPBRG                   (abs)        0099
_TXIF                    (abs)        0064
_TXREG                   (abs)        0019
_TXSTAbits               (abs)        0098
_Write_Text_UART         text1        06DE
_Write_UART              text2        06C5
__Habs1                  abs1         0000
__Hbank0                 bank0        0000
__Hbank1                 bank1        0000
__Hbank2                 bank2        0000
__Hbank3                 bank3        0000
__Hcinit                 cinit        0800
__Hclrtext               clrtext      0000
__Hcode                  code         0000
__Hcommon                common       0000
__Hconfig                config       2008
__HcstackBANK0           cstackBANK0  0000
__HcstackCOMMON          cstackCOMMON 0000
__Heeprom_data           eeprom_data  0000
__Hend_init              end_init     0001
__Hfunctab               functab      0000
__Hidloc                 idloc        2004
__Hinit                  init         0000
__Hintentry              intentry     0000
__Hmaintext              maintext     0000
__Hpowerup               powerup      0000
__Hram                   ram          0000
__Hreset_vec             reset_vec    0000
__Hsfr0                  sfr0         0000
__Hsfr1                  sfr1         0000
__Hsfr2                  sfr2         0000
__Hsfr3                  sfr3         0000
__Hspace_0               (abs)        0800
__Hspace_1               (abs)        007D
__Hspace_2               (abs)        0000
__Hspace_3               (abs)        0000
__Hspace_4               (abs)        400F
__Hstack                 stack        0000
__Hstrings               strings      0000
__Htext                  text         0000
__Labs1                  abs1         0000
__Lbank0                 bank0        0000
__Lbank1                 bank1        0000
__Lbank2                 bank2        0000
__Lbank3                 bank3        0000
__Lcinit                 cinit        07FE
__Lclrtext               clrtext      0000
__Lcode                  code         0000
__Lcommon                common       0000
__Lconfig                config       0000
__LcstackBANK0           cstackBANK0  0000
__LcstackCOMMON          cstackCOMMON 0000
__Leeprom_data           eeprom_data  0000
__Lend_init              end_init     0000
__Lfunctab               functab      0000
__Lidloc                 idloc        0000
__Linit                  init         0000
__Lintentry              intentry     0000
__Lmaintext              maintext     0000
__Lpowerup               powerup      0000
__Lram                   ram          0000
__Lreset_vec             reset_vec    0000
__Lsfr0                  sfr0         0000
__Lsfr1                  sfr1         0000
__Lsfr2                  sfr2         0000
__Lsfr3                  sfr3         0000
__Lspace_0               (abs)        0000
__Lspace_1               (abs)        0000
__Lspace_2               (abs)        0000
__Lspace_3               (abs)        0000
__Lspace_4               (abs)        0000
__Lstack                 stack        0000
__Lstrings               strings      0000
__Ltext                  text         0000
__S0                     (abs)        0800
__S1                     (abs)        007D
__S3                     (abs)        0000
___aldiv                 text4        0761
___aldiv@counter         cstackBANK0  0020
___aldiv@dividend        cstackCOMMON 0074
___aldiv@divisor         cstackCOMMON 0070
___aldiv@quotient        cstackBANK0  0022
___aldiv@sign            cstackBANK0  0021
___int_sp                stack        0000
___latbits               (abs)        0000
___sp                    stack        0000
___stackhi               (abs)        0000
___stacklo               (abs)        0000
__end_of_Init_UART       text3        0761
__end_of_Write_Text_UART text1        06F7
__end_of_Write_UART      text2        06CF
__end_of___aldiv         text4        07FE
__end_of__initialization cinit        07FE
__end_of__stringtab      strings      0007
__end_of_main            maintext     06DE
__initialization         cinit        07FE
__pcstackBANK0           cstackBANK0  0020
__pcstackCOMMON          cstackCOMMON 0070
__pmaintext              maintext     06CF
__pstrings               strings      0001
__ptext1                 text1        06DE
__ptext2                 text2        06C5
__ptext3                 text3        06F7
__ptext4                 text4        0761
__stringbase             strings      0006
__stringtab              strings      0001
_main                    maintext     06CF
btemp                    (abs)        007E
end_of_initialization    cinit        07FE
intlevel0                functab      0000
intlevel1                functab      0000
intlevel2                functab      0000
intlevel3                functab      0000
intlevel4                functab      0000
intlevel5                functab      0000
reset_vec                reset_vec    0000
start                    init         0000
start_initialization     cinit        07FE
wtemp0                   (abs)        007E


MODULE INFORMATION

Module		Function		Class		Link	Load	Size
./uart.h
		_Init_UART     		CODE           	06F7	0000	106
		_Write_Text_UART		CODE           	06DE	0000	25
		_Write_UART    		CODE           	06C5	0000	10

./uart.h estimated size: 141

usarttx.c
		_main          		CODE           	06CF	0000	15

usarttx.c estimated size: 15

C:\Program Files\Microchip\xc8\v2.36\pic\sources\c90\common\aldiv.c
		___aldiv       		CODE           	0761	0000	157

C:\Program Files\Microchip\xc8\v2.36\pic\sources\c90\common\aldiv.c estimated size: 157

shared
		__stringtab    		STRING         	0001	0000	6
		__initialization		CODE           	07FE	0000	1

shared estimated size: 7

